Archive member included because of file (symbol)

/afs/inf.ed.ac.uk/user/s13/s1367762/slip/slip2/SLIP/arm-2013.05/arm-none-eabi/lib/armv6-m/libc.a(lib_a-sprintf.o)
                              _build/main.o (sprintf)
/afs/inf.ed.ac.uk/user/s13/s1367762/slip/slip2/SLIP/arm-2013.05/arm-none-eabi/lib/armv6-m/libc.a(lib_a-svfprintf.o)
                              /afs/inf.ed.ac.uk/user/s13/s1367762/slip/slip2/SLIP/arm-2013.05/arm-none-eabi/lib/armv6-m/libc.a(lib_a-sprintf.o) (_svfprintf_r)
/afs/inf.ed.ac.uk/user/s13/s1367762/slip/slip2/SLIP/arm-2013.05/arm-none-eabi/lib/armv6-m/libc.a(lib_a-dtoa.o)
                              /afs/inf.ed.ac.uk/user/s13/s1367762/slip/slip2/SLIP/arm-2013.05/arm-none-eabi/lib/armv6-m/libc.a(lib_a-svfprintf.o) (_dtoa_r)
/afs/inf.ed.ac.uk/user/s13/s1367762/slip/slip2/SLIP/arm-2013.05/arm-none-eabi/lib/armv6-m/libc.a(lib_a-impure.o)
                              /afs/inf.ed.ac.uk/user/s13/s1367762/slip/slip2/SLIP/arm-2013.05/arm-none-eabi/lib/armv6-m/libc.a(lib_a-sprintf.o) (_impure_ptr)
/afs/inf.ed.ac.uk/user/s13/s1367762/slip/slip2/SLIP/arm-2013.05/arm-none-eabi/lib/armv6-m/libc.a(lib_a-locale.o)
                              /afs/inf.ed.ac.uk/user/s13/s1367762/slip/slip2/SLIP/arm-2013.05/arm-none-eabi/lib/armv6-m/libc.a(lib_a-svfprintf.o) (_localeconv_r)
/afs/inf.ed.ac.uk/user/s13/s1367762/slip/slip2/SLIP/arm-2013.05/arm-none-eabi/lib/armv6-m/libc.a(lib_a-mallocr.o)
                              /afs/inf.ed.ac.uk/user/s13/s1367762/slip/slip2/SLIP/arm-2013.05/arm-none-eabi/lib/armv6-m/libc.a(lib_a-svfprintf.o) (_malloc_r)
/afs/inf.ed.ac.uk/user/s13/s1367762/slip/slip2/SLIP/arm-2013.05/arm-none-eabi/lib/armv6-m/libc.a(lib_a-memchr.o)
                              /afs/inf.ed.ac.uk/user/s13/s1367762/slip/slip2/SLIP/arm-2013.05/arm-none-eabi/lib/armv6-m/libc.a(lib_a-svfprintf.o) (memchr)
/afs/inf.ed.ac.uk/user/s13/s1367762/slip/slip2/SLIP/arm-2013.05/arm-none-eabi/lib/armv6-m/libc.a(lib_a-memcpy.o)
                              /afs/inf.ed.ac.uk/user/s13/s1367762/slip/slip2/SLIP/arm-2013.05/arm-none-eabi/lib/armv6-m/libc.a(lib_a-dtoa.o) (memcpy)
/afs/inf.ed.ac.uk/user/s13/s1367762/slip/slip2/SLIP/arm-2013.05/arm-none-eabi/lib/armv6-m/libc.a(lib_a-mlock.o)
                              /afs/inf.ed.ac.uk/user/s13/s1367762/slip/slip2/SLIP/arm-2013.05/arm-none-eabi/lib/armv6-m/libc.a(lib_a-mallocr.o) (__malloc_lock)
/afs/inf.ed.ac.uk/user/s13/s1367762/slip/slip2/SLIP/arm-2013.05/arm-none-eabi/lib/armv6-m/libc.a(lib_a-mprec.o)
                              /afs/inf.ed.ac.uk/user/s13/s1367762/slip/slip2/SLIP/arm-2013.05/arm-none-eabi/lib/armv6-m/libc.a(lib_a-dtoa.o) (_Balloc)
/afs/inf.ed.ac.uk/user/s13/s1367762/slip/slip2/SLIP/arm-2013.05/arm-none-eabi/lib/armv6-m/libc.a(lib_a-s_fpclassify.o)
                              /afs/inf.ed.ac.uk/user/s13/s1367762/slip/slip2/SLIP/arm-2013.05/arm-none-eabi/lib/armv6-m/libc.a(lib_a-svfprintf.o) (__fpclassifyd)
/afs/inf.ed.ac.uk/user/s13/s1367762/slip/slip2/SLIP/arm-2013.05/arm-none-eabi/lib/armv6-m/libc.a(lib_a-sbrkr.o)
                              /afs/inf.ed.ac.uk/user/s13/s1367762/slip/slip2/SLIP/arm-2013.05/arm-none-eabi/lib/armv6-m/libc.a(lib_a-mallocr.o) (_sbrk_r)
/afs/inf.ed.ac.uk/user/s13/s1367762/slip/slip2/SLIP/arm-2013.05/arm-none-eabi/lib/armv6-m/libc.a(lib_a-strcmp.o)
                              /afs/inf.ed.ac.uk/user/s13/s1367762/slip/slip2/SLIP/arm-2013.05/arm-none-eabi/lib/armv6-m/libc.a(lib_a-locale.o) (strcmp)
/afs/inf.ed.ac.uk/user/s13/s1367762/slip/slip2/SLIP/arm-2013.05/arm-none-eabi/lib/armv6-m/libc.a(lib_a-strlen.o)
                              /afs/inf.ed.ac.uk/user/s13/s1367762/slip/slip2/SLIP/arm-2013.05/arm-none-eabi/lib/armv6-m/libc.a(lib_a-svfprintf.o) (strlen)
/afs/inf.ed.ac.uk/user/s13/s1367762/slip/slip2/SLIP/arm-2013.05/arm-none-eabi/lib/armv6-m/libc.a(lib_a-svfiprintf.o)
                              /afs/inf.ed.ac.uk/user/s13/s1367762/slip/slip2/SLIP/arm-2013.05/arm-none-eabi/lib/armv6-m/libc.a(lib_a-svfprintf.o) (__ssprint_r)
/afs/inf.ed.ac.uk/user/s13/s1367762/slip/slip2/SLIP/arm-2013.05/arm-none-eabi/lib/armv6-m/libc.a(lib_a-callocr.o)
                              /afs/inf.ed.ac.uk/user/s13/s1367762/slip/slip2/SLIP/arm-2013.05/arm-none-eabi/lib/armv6-m/libc.a(lib_a-mprec.o) (_calloc_r)
/afs/inf.ed.ac.uk/user/s13/s1367762/slip/slip2/SLIP/arm-2013.05/arm-none-eabi/lib/armv6-m/libc.a(lib_a-freer.o)
                              /afs/inf.ed.ac.uk/user/s13/s1367762/slip/slip2/SLIP/arm-2013.05/arm-none-eabi/lib/armv6-m/libc.a(lib_a-mallocr.o) (_free_r)
/afs/inf.ed.ac.uk/user/s13/s1367762/slip/slip2/SLIP/arm-2013.05/arm-none-eabi/lib/armv6-m/libc.a(lib_a-memmove.o)
                              /afs/inf.ed.ac.uk/user/s13/s1367762/slip/slip2/SLIP/arm-2013.05/arm-none-eabi/lib/armv6-m/libc.a(lib_a-svfiprintf.o) (memmove)
/afs/inf.ed.ac.uk/user/s13/s1367762/slip/slip2/SLIP/arm-2013.05/arm-none-eabi/lib/armv6-m/libc.a(lib_a-memset.o)
                              /afs/inf.ed.ac.uk/user/s13/s1367762/slip/slip2/SLIP/arm-2013.05/arm-none-eabi/lib/armv6-m/libc.a(lib_a-callocr.o) (memset)
/afs/inf.ed.ac.uk/user/s13/s1367762/slip/slip2/SLIP/arm-2013.05/arm-none-eabi/lib/armv6-m/libc.a(lib_a-reallocr.o)
                              /afs/inf.ed.ac.uk/user/s13/s1367762/slip/slip2/SLIP/arm-2013.05/arm-none-eabi/lib/armv6-m/libc.a(lib_a-svfiprintf.o) (_realloc_r)
/afs/inf.ed.ac.uk/user/s13/s1367762/slip/slip2/SLIP/arm-2013.05/arm-none-eabi/lib/armv6-m/libc.a(lib_a-reent.o)
                              /afs/inf.ed.ac.uk/user/s13/s1367762/slip/slip2/SLIP/arm-2013.05/arm-none-eabi/lib/armv6-m/libc.a(lib_a-sbrkr.o) (errno)
/afs/inf.ed.ac.uk/user/s13/s1367762/slip/slip2/SLIP/arm-2013.05/bin/../lib/gcc/arm-none-eabi/4.7.3/armv6-m/libgcc.a(_udivsi3.o)
                              /afs/inf.ed.ac.uk/user/s13/s1367762/slip/slip2/SLIP/arm-2013.05/arm-none-eabi/lib/armv6-m/libc.a(lib_a-dtoa.o) (__aeabi_uidiv)
/afs/inf.ed.ac.uk/user/s13/s1367762/slip/slip2/SLIP/arm-2013.05/bin/../lib/gcc/arm-none-eabi/4.7.3/armv6-m/libgcc.a(_divsi3.o)
                              /afs/inf.ed.ac.uk/user/s13/s1367762/slip/slip2/SLIP/arm-2013.05/arm-none-eabi/lib/armv6-m/libc.a(lib_a-svfprintf.o) (__aeabi_idiv)
/afs/inf.ed.ac.uk/user/s13/s1367762/slip/slip2/SLIP/arm-2013.05/bin/../lib/gcc/arm-none-eabi/4.7.3/armv6-m/libgcc.a(_dvmd_tls.o)
                              /afs/inf.ed.ac.uk/user/s13/s1367762/slip/slip2/SLIP/arm-2013.05/bin/../lib/gcc/arm-none-eabi/4.7.3/armv6-m/libgcc.a(_udivsi3.o) (__aeabi_idiv0)
/afs/inf.ed.ac.uk/user/s13/s1367762/slip/slip2/SLIP/arm-2013.05/bin/../lib/gcc/arm-none-eabi/4.7.3/armv6-m/libgcc.a(_arm_cmpdf2.o)
                              /afs/inf.ed.ac.uk/user/s13/s1367762/slip/slip2/SLIP/arm-2013.05/arm-none-eabi/lib/armv6-m/libc.a(lib_a-svfprintf.o) (__aeabi_dcmpeq)
/afs/inf.ed.ac.uk/user/s13/s1367762/slip/slip2/SLIP/arm-2013.05/bin/../lib/gcc/arm-none-eabi/4.7.3/armv6-m/libgcc.a(_aeabi_uldivmod.o)
                              /afs/inf.ed.ac.uk/user/s13/s1367762/slip/slip2/SLIP/arm-2013.05/arm-none-eabi/lib/armv6-m/libc.a(lib_a-svfprintf.o) (__aeabi_uldivmod)
/afs/inf.ed.ac.uk/user/s13/s1367762/slip/slip2/SLIP/arm-2013.05/bin/../lib/gcc/arm-none-eabi/4.7.3/armv6-m/libgcc.a(bpabi.o)
                              /afs/inf.ed.ac.uk/user/s13/s1367762/slip/slip2/SLIP/arm-2013.05/bin/../lib/gcc/arm-none-eabi/4.7.3/armv6-m/libgcc.a(_aeabi_uldivmod.o) (__gnu_uldivmod_helper)
/afs/inf.ed.ac.uk/user/s13/s1367762/slip/slip2/SLIP/arm-2013.05/bin/../lib/gcc/arm-none-eabi/4.7.3/armv6-m/libgcc.a(adddf3.o)
                              /afs/inf.ed.ac.uk/user/s13/s1367762/slip/slip2/SLIP/arm-2013.05/arm-none-eabi/lib/armv6-m/libc.a(lib_a-dtoa.o) (__aeabi_dadd)
/afs/inf.ed.ac.uk/user/s13/s1367762/slip/slip2/SLIP/arm-2013.05/bin/../lib/gcc/arm-none-eabi/4.7.3/armv6-m/libgcc.a(divdf3.o)
                              /afs/inf.ed.ac.uk/user/s13/s1367762/slip/slip2/SLIP/arm-2013.05/arm-none-eabi/lib/armv6-m/libc.a(lib_a-dtoa.o) (__aeabi_ddiv)
/afs/inf.ed.ac.uk/user/s13/s1367762/slip/slip2/SLIP/arm-2013.05/bin/../lib/gcc/arm-none-eabi/4.7.3/armv6-m/libgcc.a(eqdf2.o)
                              /afs/inf.ed.ac.uk/user/s13/s1367762/slip/slip2/SLIP/arm-2013.05/bin/../lib/gcc/arm-none-eabi/4.7.3/armv6-m/libgcc.a(_arm_cmpdf2.o) (__eqdf2)
/afs/inf.ed.ac.uk/user/s13/s1367762/slip/slip2/SLIP/arm-2013.05/bin/../lib/gcc/arm-none-eabi/4.7.3/armv6-m/libgcc.a(gedf2.o)
                              /afs/inf.ed.ac.uk/user/s13/s1367762/slip/slip2/SLIP/arm-2013.05/bin/../lib/gcc/arm-none-eabi/4.7.3/armv6-m/libgcc.a(_arm_cmpdf2.o) (__gedf2)
/afs/inf.ed.ac.uk/user/s13/s1367762/slip/slip2/SLIP/arm-2013.05/bin/../lib/gcc/arm-none-eabi/4.7.3/armv6-m/libgcc.a(ledf2.o)
                              /afs/inf.ed.ac.uk/user/s13/s1367762/slip/slip2/SLIP/arm-2013.05/bin/../lib/gcc/arm-none-eabi/4.7.3/armv6-m/libgcc.a(_arm_cmpdf2.o) (__ledf2)
/afs/inf.ed.ac.uk/user/s13/s1367762/slip/slip2/SLIP/arm-2013.05/bin/../lib/gcc/arm-none-eabi/4.7.3/armv6-m/libgcc.a(muldf3.o)
                              /afs/inf.ed.ac.uk/user/s13/s1367762/slip/slip2/SLIP/arm-2013.05/arm-none-eabi/lib/armv6-m/libc.a(lib_a-dtoa.o) (__aeabi_dmul)
/afs/inf.ed.ac.uk/user/s13/s1367762/slip/slip2/SLIP/arm-2013.05/bin/../lib/gcc/arm-none-eabi/4.7.3/armv6-m/libgcc.a(subdf3.o)
                              /afs/inf.ed.ac.uk/user/s13/s1367762/slip/slip2/SLIP/arm-2013.05/arm-none-eabi/lib/armv6-m/libc.a(lib_a-dtoa.o) (__aeabi_dsub)
/afs/inf.ed.ac.uk/user/s13/s1367762/slip/slip2/SLIP/arm-2013.05/bin/../lib/gcc/arm-none-eabi/4.7.3/armv6-m/libgcc.a(fixdfsi.o)
                              /afs/inf.ed.ac.uk/user/s13/s1367762/slip/slip2/SLIP/arm-2013.05/arm-none-eabi/lib/armv6-m/libc.a(lib_a-dtoa.o) (__aeabi_d2iz)
/afs/inf.ed.ac.uk/user/s13/s1367762/slip/slip2/SLIP/arm-2013.05/bin/../lib/gcc/arm-none-eabi/4.7.3/armv6-m/libgcc.a(floatsidf.o)
                              /afs/inf.ed.ac.uk/user/s13/s1367762/slip/slip2/SLIP/arm-2013.05/arm-none-eabi/lib/armv6-m/libc.a(lib_a-dtoa.o) (__aeabi_i2d)
/afs/inf.ed.ac.uk/user/s13/s1367762/slip/slip2/SLIP/arm-2013.05/bin/../lib/gcc/arm-none-eabi/4.7.3/armv6-m/libgcc.a(floatunsidf.o)
                              /afs/inf.ed.ac.uk/user/s13/s1367762/slip/slip2/SLIP/arm-2013.05/arm-none-eabi/lib/armv6-m/libc.a(lib_a-dtoa.o) (__aeabi_ui2d)
/afs/inf.ed.ac.uk/user/s13/s1367762/slip/slip2/SLIP/arm-2013.05/bin/../lib/gcc/arm-none-eabi/4.7.3/armv6-m/libgcc.a(_clzsi2.o)
                              /afs/inf.ed.ac.uk/user/s13/s1367762/slip/slip2/SLIP/arm-2013.05/bin/../lib/gcc/arm-none-eabi/4.7.3/armv6-m/libgcc.a(adddf3.o) (__clzsi2)
/afs/inf.ed.ac.uk/user/s13/s1367762/slip/slip2/SLIP/arm-2013.05/bin/../lib/gcc/arm-none-eabi/4.7.3/armv6-m/libgcc.a(_muldi3.o)
                              /afs/inf.ed.ac.uk/user/s13/s1367762/slip/slip2/SLIP/arm-2013.05/bin/../lib/gcc/arm-none-eabi/4.7.3/armv6-m/libgcc.a(bpabi.o) (__aeabi_lmul)
/afs/inf.ed.ac.uk/user/s13/s1367762/slip/slip2/SLIP/arm-2013.05/bin/../lib/gcc/arm-none-eabi/4.7.3/armv6-m/libgcc.a(_divdi3.o)
                              /afs/inf.ed.ac.uk/user/s13/s1367762/slip/slip2/SLIP/arm-2013.05/bin/../lib/gcc/arm-none-eabi/4.7.3/armv6-m/libgcc.a(bpabi.o) (__divdi3)
/afs/inf.ed.ac.uk/user/s13/s1367762/slip/slip2/SLIP/arm-2013.05/bin/../lib/gcc/arm-none-eabi/4.7.3/armv6-m/libgcc.a(_udivdi3.o)
                              /afs/inf.ed.ac.uk/user/s13/s1367762/slip/slip2/SLIP/arm-2013.05/bin/../lib/gcc/arm-none-eabi/4.7.3/armv6-m/libgcc.a(bpabi.o) (__udivdi3)
/afs/inf.ed.ac.uk/user/s13/s1367762/slip/slip2/SLIP/arm-2013.05/arm-none-eabi/lib/armv6-m/libcs3.a(start_c.o)
                              (__cs3_start_c)
/afs/inf.ed.ac.uk/user/s13/s1367762/slip/slip2/SLIP/arm-2013.05/arm-none-eabi/lib/armv6-m/libcs3unhosted.a(unhosted-sbrk.o)
                              /afs/inf.ed.ac.uk/user/s13/s1367762/slip/slip2/SLIP/arm-2013.05/arm-none-eabi/lib/armv6-m/libc.a(lib_a-sbrkr.o) (_sbrk)
/afs/inf.ed.ac.uk/user/s13/s1367762/slip/slip2/SLIP/arm-2013.05/arm-none-eabi/lib/armv6-m/libcs3unhosted.a(unhosted-start.o)
                              (_start)
/afs/inf.ed.ac.uk/user/s13/s1367762/slip/slip2/SLIP/arm-2013.05/arm-none-eabi/lib/armv6-m/libc.a(lib_a-errno.o)
                              /afs/inf.ed.ac.uk/user/s13/s1367762/slip/slip2/SLIP/arm-2013.05/arm-none-eabi/lib/armv6-m/libcs3unhosted.a(unhosted-sbrk.o) (__errno)
/afs/inf.ed.ac.uk/user/s13/s1367762/slip/slip2/SLIP/arm-2013.05/arm-none-eabi/lib/armv6-m/libc.a(lib_a-init.o)
                              /afs/inf.ed.ac.uk/user/s13/s1367762/slip/slip2/SLIP/arm-2013.05/arm-none-eabi/lib/armv6-m/libcs3.a(start_c.o) (__libc_init_array)
/afs/inf.ed.ac.uk/user/s13/s1367762/slip/slip2/SLIP/arm-2013.05/arm-none-eabi/lib/armv6-m/libcs3.a(heap.o)
                              /afs/inf.ed.ac.uk/user/s13/s1367762/slip/slip2/SLIP/arm-2013.05/arm-none-eabi/lib/armv6-m/libcs3unhosted.a(unhosted-sbrk.o) (__cs3_heap_limit)

Allocating common symbols
Common symbol       size              file

errno               0x4               /afs/inf.ed.ac.uk/user/s13/s1367762/slip/slip2/SLIP/arm-2013.05/arm-none-eabi/lib/armv6-m/libc.a(lib_a-reent.o)
printBuff           0x20              _build/main.o

Discarded input sections

 .group         0x00000000        0x8 _build/main.o
 .group         0x00000000        0x8 _build/main.o
 .group         0x00000000        0x8 _build/main.o
 .group         0x00000000        0x8 _build/main.o
 .group         0x00000000        0x8 _build/main.o
 .group         0x00000000        0x8 _build/main.o
 .group         0x00000000        0x8 _build/main.o
 .group         0x00000000        0x8 _build/main.o
 .group         0x00000000        0x8 _build/main.o
 .group         0x00000000        0x8 _build/main.o
 .group         0x00000000        0x8 _build/main.o
 .group         0x00000000        0x8 _build/main.o
 .group         0x00000000        0x8 _build/main.o
 .group         0x00000000        0x8 _build/main.o
 .group         0x00000000        0x8 _build/main.o
 .group         0x00000000        0x8 _build/main.o
 .group         0x00000000        0x8 _build/main.o
 .group         0x00000000        0x8 _build/main.o
 .group         0x00000000        0x8 _build/main.o
 .group         0x00000000        0x8 _build/main.o
 .group         0x00000000        0x8 _build/main.o
 .group         0x00000000        0x8 _build/main.o
 .group         0x00000000        0x8 _build/main.o
 .group         0x00000000        0x8 _build/main.o
 .group         0x00000000        0x8 _build/main.o
 .group         0x00000000        0x8 _build/main.o
 .group         0x00000000        0x8 _build/main.o
 .group         0x00000000        0x8 _build/main.o
 .group         0x00000000        0x8 _build/main.o
 .group         0x00000000        0x8 _build/main.o
 .group         0x00000000        0x8 _build/main.o
 .group         0x00000000        0x8 _build/app_timer.o
 .group         0x00000000        0x8 _build/app_timer.o
 .group         0x00000000        0x8 _build/app_timer.o
 .group         0x00000000        0x8 _build/app_timer.o
 .group         0x00000000        0x8 _build/app_timer.o
 .group         0x00000000        0x8 _build/app_timer.o
 .group         0x00000000        0x8 _build/app_timer.o
 .group         0x00000000        0x8 _build/app_timer.o
 .group         0x00000000        0x8 _build/app_timer.o
 .group         0x00000000        0x8 _build/app_timer.o
 .group         0x00000000        0x8 _build/app_timer.o
 .group         0x00000000        0x8 _build/app_timer.o
 .group         0x00000000        0x8 _build/app_timer.o
 .group         0x00000000        0x8 _build/app_timer.o
 .group         0x00000000        0x8 _build/app_timer.o
 .group         0x00000000        0x8 _build/app_timer.o
 .group         0x00000000        0x8 _build/app_timer.o
 .group         0x00000000        0x8 _build/app_timer.o
 .group         0x00000000        0x8 _build/app_timer.o
 .group         0x00000000        0x8 _build/app_timer.o
 .group         0x00000000        0x8 _build/app_timer.o
 .group         0x00000000        0x8 _build/app_timer.o
 .group         0x00000000        0x8 _build/app_timer.o
 .group         0x00000000        0x8 _build/app_timer.o
 .group         0x00000000        0x8 _build/app_timer.o
 .group         0x00000000        0x8 _build/app_timer.o
 .group         0x00000000        0x8 _build/app_timer.o
 .group         0x00000000        0x8 _build/app_timer.o
 .group         0x00000000        0x8 _build/app_timer.o
 .group         0x00000000        0x8 _build/app_timer.o
 .group         0x00000000        0x8 _build/app_timer.o
 .group         0x00000000        0x8 _build/app_timer.o
 .group         0x00000000        0x8 _build/app_timer.o
 .group         0x00000000        0x8 _build/app_timer.o
 .group         0x00000000        0x8 _build/app_timer.o
 .group         0x00000000        0x8 _build/app_timer.o
 .group         0x00000000        0x8 _build/app_timer.o
 .group         0x00000000        0x8 _build/app_timer.o
 .group         0x00000000        0x8 _build/app_timer.o
 .debug_macro   0x00000000      0x808 _build/app_timer.o
 .debug_macro   0x00000000      0x214 _build/app_timer.o
 .debug_macro   0x00000000       0x22 _build/app_timer.o
 .debug_macro   0x00000000       0x3a _build/app_timer.o
 .debug_macro   0x00000000       0x2e _build/app_timer.o
 .debug_macro   0x00000000       0x95 _build/app_timer.o
 .debug_macro   0x00000000       0x10 _build/app_timer.o
 .debug_macro   0x00000000       0x89 _build/app_timer.o
 .debug_macro   0x00000000       0x10 _build/app_timer.o
 .debug_macro   0x00000000       0x3a _build/app_timer.o
 .debug_macro   0x00000000       0x52 _build/app_timer.o
 .debug_macro   0x00000000       0x19 _build/app_timer.o
 .debug_macro   0x00000000      0x16d _build/app_timer.o
 .debug_macro   0x00000000       0x10 _build/app_timer.o
 .debug_macro   0x00000000       0xf5 _build/app_timer.o
 .debug_macro   0x00000000       0x22 _build/app_timer.o
 .debug_macro   0x00000000       0x91 _build/app_timer.o
 .debug_macro   0x00000000       0x16 _build/app_timer.o
 .debug_macro   0x00000000      0x171 _build/app_timer.o
 .debug_macro   0x00000000       0x8e _build/app_timer.o
 .debug_macro   0x00000000       0x16 _build/app_timer.o
 .debug_macro   0x00000000       0x16 _build/app_timer.o
 .debug_macro   0x00000000       0x22 _build/app_timer.o
 .debug_macro   0x00000000       0x2e _build/app_timer.o
 .debug_macro   0x00000000      0x372 _build/app_timer.o
 .debug_macro   0x00000000       0x10 _build/app_timer.o
 .debug_macro   0x00000000      0x1d2 _build/app_timer.o
 .debug_macro   0x00000000       0x73 _build/app_timer.o
 .debug_macro   0x00000000       0x1c _build/app_timer.o
 .debug_macro   0x00000000       0x40 _build/app_timer.o
 .debug_macro   0x00000000     0x657d _build/app_timer.o
 .group         0x00000000        0x8 _build/simple_uart.o
 .group         0x00000000        0x8 _build/simple_uart.o
 .group         0x00000000        0x8 _build/simple_uart.o
 .group         0x00000000        0x8 _build/simple_uart.o
 .group         0x00000000        0x8 _build/simple_uart.o
 .group         0x00000000        0x8 _build/simple_uart.o
 .group         0x00000000        0x8 _build/simple_uart.o
 .group         0x00000000        0x8 _build/simple_uart.o
 .group         0x00000000        0x8 _build/simple_uart.o
 .group         0x00000000        0x8 _build/simple_uart.o
 .group         0x00000000        0x8 _build/simple_uart.o
 .debug_macro   0x00000000      0x808 _build/simple_uart.o
 .debug_macro   0x00000000      0x214 _build/simple_uart.o
 .debug_macro   0x00000000       0x16 _build/simple_uart.o
 .debug_macro   0x00000000       0x22 _build/simple_uart.o
 .debug_macro   0x00000000       0x2e _build/simple_uart.o
 .debug_macro   0x00000000      0x372 _build/simple_uart.o
 .debug_macro   0x00000000       0x10 _build/simple_uart.o
 .debug_macro   0x00000000      0x1d2 _build/simple_uart.o
 .debug_macro   0x00000000     0x657d _build/simple_uart.o
 .debug_macro   0x00000000      0x848 _build/simple_uart.o
 .debug_macro   0x00000000       0x22 _build/simple_uart.o
 .group         0x00000000        0x8 _build/system_nrf51.o
 .group         0x00000000        0x8 _build/system_nrf51.o
 .group         0x00000000        0x8 _build/system_nrf51.o
 .group         0x00000000        0x8 _build/system_nrf51.o
 .group         0x00000000        0x8 _build/system_nrf51.o
 .group         0x00000000        0x8 _build/system_nrf51.o
 .group         0x00000000        0x8 _build/system_nrf51.o
 .group         0x00000000        0x8 _build/system_nrf51.o
 .group         0x00000000        0x8 _build/system_nrf51.o
 .group         0x00000000        0x8 _build/system_nrf51.o
 .debug_macro   0x00000000      0x808 _build/system_nrf51.o
 .debug_macro   0x00000000      0x214 _build/system_nrf51.o
 .debug_macro   0x00000000       0x16 _build/system_nrf51.o
 .debug_macro   0x00000000       0x22 _build/system_nrf51.o
 .debug_macro   0x00000000       0x2e _build/system_nrf51.o
 .debug_macro   0x00000000      0x372 _build/system_nrf51.o
 .debug_macro   0x00000000       0x10 _build/system_nrf51.o
 .debug_macro   0x00000000      0x1d2 _build/system_nrf51.o
 .debug_macro   0x00000000     0x657d _build/system_nrf51.o
 .debug_macro   0x00000000      0x848 _build/system_nrf51.o

Memory Configuration

Name             Origin             Length             Attributes
rom              0x00000000         0x00040000         xr
ram              0x20000000         0x00004000         xrw
*default*        0x00000000         0xffffffff

Linker script and memory map

LOAD /afs/inf.ed.ac.uk/user/s13/s1367762/slip/slip2/SLIP/arm-2013.05/bin/../lib/gcc/arm-none-eabi/4.7.3/armv6-m/crti.o
LOAD /afs/inf.ed.ac.uk/user/s13/s1367762/slip/slip2/SLIP/arm-2013.05/bin/../lib/gcc/arm-none-eabi/4.7.3/armv6-m/crtbegin.o
LOAD _build/main.o
LOAD _build/app_timer.o
LOAD _build/simple_uart.o
LOAD _build/system_nrf51.o
LOAD _build/gcc_startup_nrf51.o
LOAD /afs/inf.ed.ac.uk/user/s13/s1367762/slip/slip2/SLIP/arm-2013.05/arm-none-eabi/lib/armv6-m/libm.a
START GROUP
LOAD /afs/inf.ed.ac.uk/user/s13/s1367762/slip/slip2/SLIP/arm-2013.05/bin/../lib/gcc/arm-none-eabi/4.7.3/armv6-m/libgcc.a
LOAD /afs/inf.ed.ac.uk/user/s13/s1367762/slip/slip2/SLIP/arm-2013.05/arm-none-eabi/lib/armv6-m/libc.a
END GROUP
LOAD /afs/inf.ed.ac.uk/user/s13/s1367762/slip/slip2/SLIP/arm-2013.05/bin/../lib/gcc/arm-none-eabi/4.7.3/armv6-m/crtend.o
LOAD /afs/inf.ed.ac.uk/user/s13/s1367762/slip/slip2/SLIP/arm-2013.05/bin/../lib/gcc/arm-none-eabi/4.7.3/armv6-m/crtn.o
START GROUP
LOAD /afs/inf.ed.ac.uk/user/s13/s1367762/slip/slip2/SLIP/arm-2013.05/bin/../lib/gcc/arm-none-eabi/4.7.3/armv6-m/libgcc.a
LOAD /afs/inf.ed.ac.uk/user/s13/s1367762/slip/slip2/SLIP/arm-2013.05/arm-none-eabi/lib/armv6-m/libc.a
LOAD /afs/inf.ed.ac.uk/user/s13/s1367762/slip/slip2/SLIP/arm-2013.05/arm-none-eabi/lib/armv6-m/libcs3.a
LOAD /afs/inf.ed.ac.uk/user/s13/s1367762/slip/slip2/SLIP/arm-2013.05/arm-none-eabi/lib/armv6-m/libcs3unhosted.a
END GROUP
                0x20000b98                PROVIDE (__cs3_heap_start, _end)
                0x20004000                PROVIDE (__cs3_heap_end, (__cs3_region_start_ram + __cs3_region_size_ram))
                0x00000001                PROVIDE (__cs3_region_num, ((__cs3_regions_end - __cs3_regions) / 0x14))
                0x20004000                PROVIDE (__cs3_stack, (__cs3_region_start_ram + __cs3_region_size_ram))

.text           0x00000000     0x8cc4
 CREATE_OBJECT_SYMBOLS
                0x00000000                __cs3_region_start_rom = .
 *(.cs3.region-head.rom)
                0x00000001                ASSERT ((. == __cs3_region_start_rom), .cs3.region-head.rom not permitted)
                0x00000000                __cs3_interrupt_vector = __cs3_interrupt_vector_cortex_m
 *(.cs3.interrupt_vector)
 .cs3.interrupt_vector
                0x00000000       0xc0 _build/gcc_startup_nrf51.o
                0x00000000                __cs3_interrupt_vector_cortex_m
                0x00000001                ASSERT ((. != __cs3_interrupt_vector_cortex_m), No interrupt vector)
                0x000000c0                PROVIDE (__cs3_reset, __cs3_reset_cortex_m)
 *(.cs3.reset)
 .cs3.reset     0x000000c0       0x20 _build/gcc_startup_nrf51.o
                0x000000c0                __cs3_reset_cortex_m
                0x00000130                PROVIDE (__cs3_start_asm, _start)
 *(.text.cs3.init)
 .text.cs3.init
                0x000000e0       0x50 /afs/inf.ed.ac.uk/user/s13/s1367762/slip/slip2/SLIP/arm-2013.05/arm-none-eabi/lib/armv6-m/libcs3.a(start_c.o)
                0x000000e0                __cs3_start_c
 .text.cs3.init
                0x00000130       0x10 /afs/inf.ed.ac.uk/user/s13/s1367762/slip/slip2/SLIP/arm-2013.05/arm-none-eabi/lib/armv6-m/libcs3unhosted.a(unhosted-start.o)
                0x00000130                _start
 *(.text .text.* .gnu.linkonce.t.*)
 .text          0x00000140        0x0 /afs/inf.ed.ac.uk/user/s13/s1367762/slip/slip2/SLIP/arm-2013.05/bin/../lib/gcc/arm-none-eabi/4.7.3/armv6-m/crti.o
 .text          0x00000140       0xbc /afs/inf.ed.ac.uk/user/s13/s1367762/slip/slip2/SLIP/arm-2013.05/bin/../lib/gcc/arm-none-eabi/4.7.3/armv6-m/crtbegin.o
 .text          0x000001fc      0x178 _build/main.o
                0x0000024c                onTimeout
                0x00000294                app_error_handler
                0x000002c4                main
 .text          0x00000374     0x1344 _build/app_timer.o
                0x000012a8                RTC1_IRQHandler
                0x000012f4                SWI0_IRQHandler
                0x00001300                app_timer_init
                0x00001470                app_timer_create
                0x00001560                app_timer_start
                0x000015ec                app_timer_stop
                0x0000164c                app_timer_stop_all
                0x00001674                app_timer_cnt_get
                0x00001690                app_timer_cnt_diff_compute
 .text          0x000016b8      0x294 _build/simple_uart.o
                0x00001744                simple_uart_get
                0x00001774                simple_uart_get_with_timeout
                0x000017ec                simple_uart_put
                0x00001828                simple_uart_putstring
                0x0000187c                simple_uart_config
 .text          0x0000194c       0x4c _build/system_nrf51.o
                0x0000194c                SystemInit
                0x00001980                SystemCoreClockUpdate
 .text          0x00001998        0xc _build/gcc_startup_nrf51.o
                0x00001998                NMI_Handler
                0x0000199a                HardFault_Handler
                0x0000199c                SVC_Handler
                0x0000199e                PendSV_Handler
                0x000019a0                SysTick_Handler
                0x000019a2                TIMER2_IRQHandler
                0x000019a2                SPI0_TWI0_IRQHandler
                0x000019a2                RTC0_IRQHandler
                0x000019a2                GPIOTE_IRQHandler
                0x000019a2                POWER_CLOCK_IRQHandler
                0x000019a2                RADIO_IRQHandler
                0x000019a2                SWI4_IRQHandler
                0x000019a2                TEMP_IRQHandler
                0x000019a2                QDEC_IRQHandler
                0x000019a2                UART0_IRQHandler
                0x000019a2                SWI5_IRQHandler
                0x000019a2                WUCOMP_COMP_IRQHandler
                0x000019a2                TIMER0_IRQHandler
                0x000019a2                TIMER1_IRQHandler
                0x000019a2                ECB_IRQHandler
                0x000019a2                Default_Handler
                0x000019a2                ADC_IRQHandler
                0x000019a2                SWI3_IRQHandler
                0x000019a2                CCM_AAR_IRQHandler
                0x000019a2                WDT_IRQHandler
                0x000019a2                SWI2_IRQHandler
                0x000019a2                RNG_IRQHandler
                0x000019a2                SPI1_TWI1_IRQHandler
                0x000019a2                SWI1_IRQHandler
 .text          0x000019a4       0x84 /afs/inf.ed.ac.uk/user/s13/s1367762/slip/slip2/SLIP/arm-2013.05/arm-none-eabi/lib/armv6-m/libc.a(lib_a-sprintf.o)
                0x000019a4                _sprintf_r
                0x000019e4                sprintf
 .text          0x00001a28     0x1478 /afs/inf.ed.ac.uk/user/s13/s1367762/slip/slip2/SLIP/arm-2013.05/arm-none-eabi/lib/armv6-m/libc.a(lib_a-svfprintf.o)
                0x00001a28                _svfprintf_r
 .text          0x00002ea0     0x10b8 /afs/inf.ed.ac.uk/user/s13/s1367762/slip/slip2/SLIP/arm-2013.05/arm-none-eabi/lib/armv6-m/libc.a(lib_a-dtoa.o)
                0x00002ff4                _dtoa_r
 .text          0x00003f58        0x0 /afs/inf.ed.ac.uk/user/s13/s1367762/slip/slip2/SLIP/arm-2013.05/arm-none-eabi/lib/armv6-m/libc.a(lib_a-impure.o)
 .text          0x00003f58       0x98 /afs/inf.ed.ac.uk/user/s13/s1367762/slip/slip2/SLIP/arm-2013.05/arm-none-eabi/lib/armv6-m/libc.a(lib_a-locale.o)
                0x00003f58                _setlocale_r
                0x00003f9c                __locale_charset
                0x00003fa4                __locale_mb_cur_max
                0x00003fb0                __locale_msgcharset
                0x00003fbc                __locale_cjk_lang
                0x00003fc0                _localeconv_r
                0x00003fcc                setlocale
                0x00003fe4                localeconv
 .text          0x00003ff0      0x514 /afs/inf.ed.ac.uk/user/s13/s1367762/slip/slip2/SLIP/arm-2013.05/arm-none-eabi/lib/armv6-m/libc.a(lib_a-mallocr.o)
                0x00003ff0                _malloc_r
 .text          0x00004504       0x90 /afs/inf.ed.ac.uk/user/s13/s1367762/slip/slip2/SLIP/arm-2013.05/arm-none-eabi/lib/armv6-m/libc.a(lib_a-memchr.o)
                0x00004504                memchr
 .text          0x00004594      0x108 /afs/inf.ed.ac.uk/user/s13/s1367762/slip/slip2/SLIP/arm-2013.05/arm-none-eabi/lib/armv6-m/libc.a(lib_a-memcpy.o)
                0x00004594                memcpy
 .text          0x0000469c        0x8 /afs/inf.ed.ac.uk/user/s13/s1367762/slip/slip2/SLIP/arm-2013.05/arm-none-eabi/lib/armv6-m/libc.a(lib_a-mlock.o)
                0x0000469c                __malloc_lock
                0x000046a0                __malloc_unlock
 *fill*         0x000046a4        0x4 
 .text          0x000046a8      0x930 /afs/inf.ed.ac.uk/user/s13/s1367762/slip/slip2/SLIP/arm-2013.05/arm-none-eabi/lib/armv6-m/libc.a(lib_a-mprec.o)
                0x000046a8                _Balloc
                0x000046f8                _Bfree
                0x00004710                __multadd
                0x000047b8                __s2b
                0x00004850                __hi0bits
                0x00004888                __lo0bits
                0x000048e4                __i2b
                0x000048f8                __multiply
                0x00004a58                __pow5mult
                0x00004b04                __lshift
                0x00004bd0                __mcmp
                0x00004c08                __mdiff
                0x00004cf4                __ulp
                0x00004d38                __b2d
                0x00004dd8                __d2b
                0x00004e8c                __ratio
                0x00004efc                _mprec_log10
                0x00004f3c                __copybits
                0x00004f80                __any_on
 .text          0x00004fd8       0x58 /afs/inf.ed.ac.uk/user/s13/s1367762/slip/slip2/SLIP/arm-2013.05/arm-none-eabi/lib/armv6-m/libc.a(lib_a-s_fpclassify.o)
                0x00004fd8                __fpclassifyd
 .text          0x00005030       0x24 /afs/inf.ed.ac.uk/user/s13/s1367762/slip/slip2/SLIP/arm-2013.05/arm-none-eabi/lib/armv6-m/libc.a(lib_a-sbrkr.o)
                0x00005030                _sbrk_r
 .text          0x00005054       0x14 /afs/inf.ed.ac.uk/user/s13/s1367762/slip/slip2/SLIP/arm-2013.05/arm-none-eabi/lib/armv6-m/libc.a(lib_a-strcmp.o)
                0x00005054                strcmp
 .text          0x00005068       0x10 /afs/inf.ed.ac.uk/user/s13/s1367762/slip/slip2/SLIP/arm-2013.05/arm-none-eabi/lib/armv6-m/libc.a(lib_a-strlen.o)
                0x00005068                strlen
 .text          0x00005078      0xbe4 /afs/inf.ed.ac.uk/user/s13/s1367762/slip/slip2/SLIP/arm-2013.05/arm-none-eabi/lib/armv6-m/libc.a(lib_a-svfiprintf.o)
                0x00005078                __ssprint_r
                0x000051a0                _svfiprintf_r
 .text          0x00005c5c       0x60 /afs/inf.ed.ac.uk/user/s13/s1367762/slip/slip2/SLIP/arm-2013.05/arm-none-eabi/lib/armv6-m/libc.a(lib_a-callocr.o)
                0x00005c5c                _calloc_r
 .text          0x00005cbc      0x230 /afs/inf.ed.ac.uk/user/s13/s1367762/slip/slip2/SLIP/arm-2013.05/arm-none-eabi/lib/armv6-m/libc.a(lib_a-freer.o)
                0x00005cbc                _malloc_trim_r
                0x00005d5c                _free_r
 .text          0x00005eec       0xac /afs/inf.ed.ac.uk/user/s13/s1367762/slip/slip2/SLIP/arm-2013.05/arm-none-eabi/lib/armv6-m/libc.a(lib_a-memmove.o)
                0x00005eec                memmove
 .text          0x00005f98       0x94 /afs/inf.ed.ac.uk/user/s13/s1367762/slip/slip2/SLIP/arm-2013.05/arm-none-eabi/lib/armv6-m/libc.a(lib_a-memset.o)
                0x00005f98                memset
 .text          0x0000602c      0x3dc /afs/inf.ed.ac.uk/user/s13/s1367762/slip/slip2/SLIP/arm-2013.05/arm-none-eabi/lib/armv6-m/libc.a(lib_a-reallocr.o)
                0x0000602c                _realloc_r
 .text          0x00006408       0xfc /afs/inf.ed.ac.uk/user/s13/s1367762/slip/slip2/SLIP/arm-2013.05/arm-none-eabi/lib/armv6-m/libc.a(lib_a-reent.o)
                0x00006408                cleanup_glue
                0x00006424                _reclaim_reent
                0x000064c0                _wrapup_reent
 .text          0x00006504       0x9c /afs/inf.ed.ac.uk/user/s13/s1367762/slip/slip2/SLIP/arm-2013.05/bin/../lib/gcc/arm-none-eabi/4.7.3/armv6-m/libgcc.a(_udivsi3.o)
                0x00006504                __udivsi3
                0x00006504                __aeabi_uidiv
                0x0000658c                __aeabi_uidivmod
 .text          0x000065a0       0xc0 /afs/inf.ed.ac.uk/user/s13/s1367762/slip/slip2/SLIP/arm-2013.05/bin/../lib/gcc/arm-none-eabi/4.7.3/armv6-m/libgcc.a(_divsi3.o)
                0x000065a0                __aeabi_idiv
                0x000065a0                __divsi3
                0x0000664c                __aeabi_idivmod
 .text          0x00006660        0x4 /afs/inf.ed.ac.uk/user/s13/s1367762/slip/slip2/SLIP/arm-2013.05/bin/../lib/gcc/arm-none-eabi/4.7.3/armv6-m/libgcc.a(_dvmd_tls.o)
                0x00006660                __aeabi_ldiv0
                0x00006660                __aeabi_idiv0
 .text          0x00006664       0x7c /afs/inf.ed.ac.uk/user/s13/s1367762/slip/slip2/SLIP/arm-2013.05/bin/../lib/gcc/arm-none-eabi/4.7.3/armv6-m/libgcc.a(_arm_cmpdf2.o)
                0x00006664                __aeabi_cdrcmple
                0x00006674                __aeabi_cdcmple
                0x00006674                __aeabi_cdcmpeq
                0x00006684                __aeabi_dcmpeq
                0x00006690                __aeabi_dcmplt
                0x000066a4                __aeabi_dcmple
                0x000066b8                __aeabi_dcmpgt
                0x000066cc                __aeabi_dcmpge
 .text          0x000066e0       0x40 /afs/inf.ed.ac.uk/user/s13/s1367762/slip/slip2/SLIP/arm-2013.05/bin/../lib/gcc/arm-none-eabi/4.7.3/armv6-m/libgcc.a(_aeabi_uldivmod.o)
                0x000066e0                __aeabi_uldivmod
 .text          0x00006720       0x74 /afs/inf.ed.ac.uk/user/s13/s1367762/slip/slip2/SLIP/arm-2013.05/bin/../lib/gcc/arm-none-eabi/4.7.3/armv6-m/libgcc.a(bpabi.o)
                0x00006720                __gnu_ldivmod_helper
                0x0000675c                __gnu_uldivmod_helper
 .text          0x00006794      0x778 /afs/inf.ed.ac.uk/user/s13/s1367762/slip/slip2/SLIP/arm-2013.05/bin/../lib/gcc/arm-none-eabi/4.7.3/armv6-m/libgcc.a(adddf3.o)
                0x00006794                __aeabi_dadd
 .text          0x00006f0c      0x5bc /afs/inf.ed.ac.uk/user/s13/s1367762/slip/slip2/SLIP/arm-2013.05/bin/../lib/gcc/arm-none-eabi/4.7.3/armv6-m/libgcc.a(divdf3.o)
                0x00006f0c                __aeabi_ddiv
 .text          0x000074c8       0x7c /afs/inf.ed.ac.uk/user/s13/s1367762/slip/slip2/SLIP/arm-2013.05/bin/../lib/gcc/arm-none-eabi/4.7.3/armv6-m/libgcc.a(eqdf2.o)
                0x000074c8                __eqdf2
                0x000074c8                __nedf2
 .text          0x00007544       0xe0 /afs/inf.ed.ac.uk/user/s13/s1367762/slip/slip2/SLIP/arm-2013.05/bin/../lib/gcc/arm-none-eabi/4.7.3/armv6-m/libgcc.a(gedf2.o)
                0x00007544                __gtdf2
                0x00007544                __gedf2
 .text          0x00007624       0xbc /afs/inf.ed.ac.uk/user/s13/s1367762/slip/slip2/SLIP/arm-2013.05/bin/../lib/gcc/arm-none-eabi/4.7.3/armv6-m/libgcc.a(ledf2.o)
                0x00007624                __ltdf2
                0x00007624                __ledf2
 .text          0x000076e0      0x4dc /afs/inf.ed.ac.uk/user/s13/s1367762/slip/slip2/SLIP/arm-2013.05/bin/../lib/gcc/arm-none-eabi/4.7.3/armv6-m/libgcc.a(muldf3.o)
                0x000076e0                __aeabi_dmul
 .text          0x00007bbc      0x708 /afs/inf.ed.ac.uk/user/s13/s1367762/slip/slip2/SLIP/arm-2013.05/bin/../lib/gcc/arm-none-eabi/4.7.3/armv6-m/libgcc.a(subdf3.o)
                0x00007bbc                __aeabi_dsub
 .text          0x000082c4       0x68 /afs/inf.ed.ac.uk/user/s13/s1367762/slip/slip2/SLIP/arm-2013.05/bin/../lib/gcc/arm-none-eabi/4.7.3/armv6-m/libgcc.a(fixdfsi.o)
                0x000082c4                __aeabi_d2iz
 .text          0x0000832c       0x78 /afs/inf.ed.ac.uk/user/s13/s1367762/slip/slip2/SLIP/arm-2013.05/bin/../lib/gcc/arm-none-eabi/4.7.3/armv6-m/libgcc.a(floatsidf.o)
                0x0000832c                __aeabi_i2d
 .text          0x000083a4       0x6c /afs/inf.ed.ac.uk/user/s13/s1367762/slip/slip2/SLIP/arm-2013.05/bin/../lib/gcc/arm-none-eabi/4.7.3/armv6-m/libgcc.a(floatunsidf.o)
                0x000083a4                __aeabi_ui2d
 .text          0x00008410       0x3c /afs/inf.ed.ac.uk/user/s13/s1367762/slip/slip2/SLIP/arm-2013.05/bin/../lib/gcc/arm-none-eabi/4.7.3/armv6-m/libgcc.a(_clzsi2.o)
                0x00008410                __clzsi2
 .text          0x0000844c       0x44 /afs/inf.ed.ac.uk/user/s13/s1367762/slip/slip2/SLIP/arm-2013.05/bin/../lib/gcc/arm-none-eabi/4.7.3/armv6-m/libgcc.a(_muldi3.o)
                0x0000844c                __aeabi_lmul
                0x0000844c                __muldi3
 .text          0x00008490      0x3d8 /afs/inf.ed.ac.uk/user/s13/s1367762/slip/slip2/SLIP/arm-2013.05/bin/../lib/gcc/arm-none-eabi/4.7.3/armv6-m/libgcc.a(_divdi3.o)
                0x00008490                __divdi3
 .text          0x00008868      0x39c /afs/inf.ed.ac.uk/user/s13/s1367762/slip/slip2/SLIP/arm-2013.05/bin/../lib/gcc/arm-none-eabi/4.7.3/armv6-m/libgcc.a(_udivdi3.o)
                0x00008868                __udivdi3
 .text          0x00008c04        0x0 /afs/inf.ed.ac.uk/user/s13/s1367762/slip/slip2/SLIP/arm-2013.05/bin/../lib/gcc/arm-none-eabi/4.7.3/armv6-m/crtend.o
 .text          0x00008c04        0x0 /afs/inf.ed.ac.uk/user/s13/s1367762/slip/slip2/SLIP/arm-2013.05/bin/../lib/gcc/arm-none-eabi/4.7.3/armv6-m/crtn.o
 .text          0x00008c04       0x34 /afs/inf.ed.ac.uk/user/s13/s1367762/slip/slip2/SLIP/arm-2013.05/arm-none-eabi/lib/armv6-m/libcs3.a(start_c.o)
                0x00008c04                __cs3_premain
 .text          0x00008c38       0x3c /afs/inf.ed.ac.uk/user/s13/s1367762/slip/slip2/SLIP/arm-2013.05/arm-none-eabi/lib/armv6-m/libcs3unhosted.a(unhosted-sbrk.o)
                0x00008c38                _sbrk
 .text          0x00008c74        0x0 /afs/inf.ed.ac.uk/user/s13/s1367762/slip/slip2/SLIP/arm-2013.05/arm-none-eabi/lib/armv6-m/libcs3unhosted.a(unhosted-start.o)
 .text          0x00008c74        0xc /afs/inf.ed.ac.uk/user/s13/s1367762/slip/slip2/SLIP/arm-2013.05/arm-none-eabi/lib/armv6-m/libc.a(lib_a-errno.o)
                0x00008c74                __errno
 .text          0x00008c80       0x44 /afs/inf.ed.ac.uk/user/s13/s1367762/slip/slip2/SLIP/arm-2013.05/arm-none-eabi/lib/armv6-m/libc.a(lib_a-init.o)
                0x00008c80                __libc_init_array
 .text          0x00008cc4        0x0 /afs/inf.ed.ac.uk/user/s13/s1367762/slip/slip2/SLIP/arm-2013.05/arm-none-eabi/lib/armv6-m/libcs3.a(heap.o)
 *(.plt)
 *(.gnu.warning)
 *(.glue_7t)
 .glue_7t       0x00000000        0x0 linker stubs
 *(.glue_7)
 .glue_7        0x00000000        0x0 linker stubs
 *(.vfp11_veneer)
 .vfp11_veneer  0x00000000        0x0 linker stubs
 *(.ARM.extab* .gnu.linkonce.armextab.*)
 .ARM.extab.cs3.reset
                0x00008cc4        0x0 _build/gcc_startup_nrf51.o
 .ARM.extab     0x00008cc4        0x0 /afs/inf.ed.ac.uk/user/s13/s1367762/slip/slip2/SLIP/arm-2013.05/bin/../lib/gcc/arm-none-eabi/4.7.3/armv6-m/libgcc.a(_divdi3.o)
 .ARM.extab     0x00008cc4        0x0 /afs/inf.ed.ac.uk/user/s13/s1367762/slip/slip2/SLIP/arm-2013.05/bin/../lib/gcc/arm-none-eabi/4.7.3/armv6-m/libgcc.a(_udivdi3.o)
 *(.gcc_except_table)

.v4_bx          0x00008cc4        0x0
 .v4_bx         0x00000000        0x0 linker stubs

.iplt           0x00008cc4        0x0
 .iplt          0x00000000        0x0 /afs/inf.ed.ac.uk/user/s13/s1367762/slip/slip2/SLIP/arm-2013.05/bin/../lib/gcc/arm-none-eabi/4.7.3/armv6-m/crtbegin.o

.eh_frame_hdr
 *(.eh_frame_hdr)

.eh_frame       0x00008cc4        0x4
 *(.eh_frame)
 .eh_frame      0x00008cc4        0x0 /afs/inf.ed.ac.uk/user/s13/s1367762/slip/slip2/SLIP/arm-2013.05/bin/../lib/gcc/arm-none-eabi/4.7.3/armv6-m/crtbegin.o
 .eh_frame      0x00008cc4        0x4 /afs/inf.ed.ac.uk/user/s13/s1367762/slip/slip2/SLIP/arm-2013.05/bin/../lib/gcc/arm-none-eabi/4.7.3/armv6-m/crtend.o
                0x00008cc8                PROVIDE (__exidx_start, .)

.ARM.exidx      0x00008cc8        0x8
 *(.ARM.exidx* .gnu.linkonce.armexidx.*)
 .ARM.exidx.cs3.reset
                0x00008cc8        0x8 _build/gcc_startup_nrf51.o
 .ARM.exidx     0x00008cd0        0x0 /afs/inf.ed.ac.uk/user/s13/s1367762/slip/slip2/SLIP/arm-2013.05/bin/../lib/gcc/arm-none-eabi/4.7.3/armv6-m/libgcc.a(_divdi3.o)
                                  0x8 (size before relaxing)
 .ARM.exidx     0x00008cd0        0x0 /afs/inf.ed.ac.uk/user/s13/s1367762/slip/slip2/SLIP/arm-2013.05/bin/../lib/gcc/arm-none-eabi/4.7.3/armv6-m/libgcc.a(_udivdi3.o)
                                  0x8 (size before relaxing)
                0x00008cd0                PROVIDE (__exidx_end, .)

.rel.dyn        0x00008cd0        0x0
 .rel.iplt      0x00000000        0x0 /afs/inf.ed.ac.uk/user/s13/s1367762/slip/slip2/SLIP/arm-2013.05/bin/../lib/gcc/arm-none-eabi/4.7.3/armv6-m/crtbegin.o

.rodata         0x00008cd0      0x5a0
 *(.rodata .rodata.* .gnu.linkonce.r.*)
 .rodata        0x00008cd0       0x28 _build/main.o
 .rodata        0x00008cf8       0x2c _build/app_timer.o
 .rodata        0x00008d24      0x184 /afs/inf.ed.ac.uk/user/s13/s1367762/slip/slip2/SLIP/arm-2013.05/arm-none-eabi/lib/armv6-m/libc.a(lib_a-svfprintf.o)
 .rodata.str1.4
                0x00008ea8       0x42 /afs/inf.ed.ac.uk/user/s13/s1367762/slip/slip2/SLIP/arm-2013.05/arm-none-eabi/lib/armv6-m/libc.a(lib_a-svfprintf.o)
                                 0x44 (size before relaxing)
 *fill*         0x00008eea        0x2 
 .rodata.str1.4
                0x00008eec       0x10 /afs/inf.ed.ac.uk/user/s13/s1367762/slip/slip2/SLIP/arm-2013.05/arm-none-eabi/lib/armv6-m/libc.a(lib_a-dtoa.o)
                                 0x14 (size before relaxing)
 .rodata        0x00008efc        0x4 /afs/inf.ed.ac.uk/user/s13/s1367762/slip/slip2/SLIP/arm-2013.05/arm-none-eabi/lib/armv6-m/libc.a(lib_a-impure.o)
                0x00008efc                _global_impure_ptr
 .rodata.str1.4
                0x00008f00        0x2 /afs/inf.ed.ac.uk/user/s13/s1367762/slip/slip2/SLIP/arm-2013.05/arm-none-eabi/lib/armv6-m/libc.a(lib_a-impure.o)
                                  0x4 (size before relaxing)
 *fill*         0x00008f02        0x2 
 .rodata.str1.4
                0x00008f04        0xc /afs/inf.ed.ac.uk/user/s13/s1367762/slip/slip2/SLIP/arm-2013.05/arm-none-eabi/lib/armv6-m/libc.a(lib_a-locale.o)
                                 0x14 (size before relaxing)
 .rodata        0x00008f10      0x128 /afs/inf.ed.ac.uk/user/s13/s1367762/slip/slip2/SLIP/arm-2013.05/arm-none-eabi/lib/armv6-m/libc.a(lib_a-mprec.o)
                0x00008f20                __mprec_tens
                0x00008fe8                __mprec_tinytens
                0x00009010                __mprec_bigtens
 .rodata        0x00009038      0x184 /afs/inf.ed.ac.uk/user/s13/s1367762/slip/slip2/SLIP/arm-2013.05/arm-none-eabi/lib/armv6-m/libc.a(lib_a-svfiprintf.o)
 .rodata.str1.4
                0x00000000       0x30 /afs/inf.ed.ac.uk/user/s13/s1367762/slip/slip2/SLIP/arm-2013.05/arm-none-eabi/lib/armv6-m/libc.a(lib_a-svfiprintf.o)
 .rodata        0x000091bc       0x40 /afs/inf.ed.ac.uk/user/s13/s1367762/slip/slip2/SLIP/arm-2013.05/bin/../lib/gcc/arm-none-eabi/4.7.3/armv6-m/libgcc.a(divdf3.o)
 .rodata        0x000091fc       0x40 /afs/inf.ed.ac.uk/user/s13/s1367762/slip/slip2/SLIP/arm-2013.05/bin/../lib/gcc/arm-none-eabi/4.7.3/armv6-m/libgcc.a(muldf3.o)
                0x0000923c                . = ALIGN (0x4)
 *(.init)
 .init          0x0000923c        0x4 /afs/inf.ed.ac.uk/user/s13/s1367762/slip/slip2/SLIP/arm-2013.05/bin/../lib/gcc/arm-none-eabi/4.7.3/armv6-m/crti.o
                0x0000923c                _init
 .init          0x00009240        0x8 /afs/inf.ed.ac.uk/user/s13/s1367762/slip/slip2/SLIP/arm-2013.05/bin/../lib/gcc/arm-none-eabi/4.7.3/armv6-m/crtn.o
                0x00009248                . = ALIGN (0x4)
                0x00009248                __preinit_array_start = .
 *(.preinit_array)
                0x00009248                __preinit_array_end = .
                0x00009248                . = ALIGN (0x4)
                0x00009248                __init_array_start = .
 *(SORT(.init_array.*))
 *(.init_array)
 .init_array    0x00009248        0x4 /afs/inf.ed.ac.uk/user/s13/s1367762/slip/slip2/SLIP/arm-2013.05/bin/../lib/gcc/arm-none-eabi/4.7.3/armv6-m/crtbegin.o
                0x0000924c                __init_array_end = .
                0x0000924c                . = ALIGN (0x4)
 *(.fini)
 .fini          0x0000924c        0x4 /afs/inf.ed.ac.uk/user/s13/s1367762/slip/slip2/SLIP/arm-2013.05/bin/../lib/gcc/arm-none-eabi/4.7.3/armv6-m/crti.o
                0x0000924c                _fini
 .fini          0x00009250        0x8 /afs/inf.ed.ac.uk/user/s13/s1367762/slip/slip2/SLIP/arm-2013.05/bin/../lib/gcc/arm-none-eabi/4.7.3/armv6-m/crtn.o
                0x00009258                . = ALIGN (0x4)
                0x00009258                __fini_array_start = .
 *(.fini_array)
 .fini_array    0x00009258        0x4 /afs/inf.ed.ac.uk/user/s13/s1367762/slip/slip2/SLIP/arm-2013.05/bin/../lib/gcc/arm-none-eabi/4.7.3/armv6-m/crtbegin.o
 *(SORT(.fini_array.*))
                0x0000925c                __fini_array_end = .
                0x0000925c                . = ALIGN (0x4)
 *crtbegin.o(.ctors)
 *(EXCLUDE_FILE(*crtend.o) .ctors)
 *(SORT(.ctors.*))
 *crtend.o(.ctors)
                0x0000925c                . = ALIGN (0x4)
 *crtbegin.o(.dtors)
 *(EXCLUDE_FILE(*crtend.o) .dtors)
 *(SORT(.dtors.*))
 *crtend.o(.dtors)
                0x0000925c                . = ALIGN (0x4)
                0x0000925c                __cs3_regions = .
                0x0000925c        0x4 LONG 0x0
                0x00009260        0x4 LONG 0x9270 __cs3_region_init_ram
                0x00009264        0x4 LONG 0x20000000 __cs3_region_start_ram
                0x00009268        0x4 LONG 0x8d8 __cs3_region_init_size_ram
                0x0000926c        0x4 LONG 0x2c0 __cs3_region_zero_size_ram
                0x00009270                __cs3_regions_end = .
                0x00009270                . = ALIGN (0x8)
 *(.rom)
 *(.rom.b .bss.rom)
                0x00009270                _etext = .
                0x00040000                __cs3_region_end_rom = (__cs3_region_start_rom + 0x40000)
                0x00040000                __cs3_region_size_rom = 0x40000

.data           0x20000000      0x8d8 load address 0x00009270
                0x20000000                __cs3_region_start_ram = .
 *(.cs3.region-head.ram)
 *(.jcr)
 .jcr           0x20000000        0x0 /afs/inf.ed.ac.uk/user/s13/s1367762/slip/slip2/SLIP/arm-2013.05/bin/../lib/gcc/arm-none-eabi/4.7.3/armv6-m/crtbegin.o
 .jcr           0x20000000        0x4 /afs/inf.ed.ac.uk/user/s13/s1367762/slip/slip2/SLIP/arm-2013.05/bin/../lib/gcc/arm-none-eabi/4.7.3/armv6-m/crtend.o
 *(.got.plt)
 *(.got)
 *(.shdata)
 *(.data .data.* .gnu.linkonce.d.*)
 .data          0x20000004        0x0 /afs/inf.ed.ac.uk/user/s13/s1367762/slip/slip2/SLIP/arm-2013.05/bin/../lib/gcc/arm-none-eabi/4.7.3/armv6-m/crti.o
 .data          0x20000004        0x4 /afs/inf.ed.ac.uk/user/s13/s1367762/slip/slip2/SLIP/arm-2013.05/bin/../lib/gcc/arm-none-eabi/4.7.3/armv6-m/crtbegin.o
                0x20000004                __dso_handle
 .data          0x20000008        0x0 _build/main.o
 .data          0x20000008        0x0 _build/app_timer.o
 .data          0x20000008        0x0 _build/simple_uart.o
 .data          0x20000008        0x4 _build/system_nrf51.o
                0x20000008                SystemCoreClock
 .data          0x2000000c        0x0 _build/gcc_startup_nrf51.o
 .data          0x2000000c        0x0 /afs/inf.ed.ac.uk/user/s13/s1367762/slip/slip2/SLIP/arm-2013.05/arm-none-eabi/lib/armv6-m/libc.a(lib_a-sprintf.o)
 .data          0x2000000c        0x0 /afs/inf.ed.ac.uk/user/s13/s1367762/slip/slip2/SLIP/arm-2013.05/arm-none-eabi/lib/armv6-m/libc.a(lib_a-svfprintf.o)
 .data          0x2000000c        0x0 /afs/inf.ed.ac.uk/user/s13/s1367762/slip/slip2/SLIP/arm-2013.05/arm-none-eabi/lib/armv6-m/libc.a(lib_a-dtoa.o)
 *fill*         0x2000000c        0x4 
 .data          0x20000010      0x430 /afs/inf.ed.ac.uk/user/s13/s1367762/slip/slip2/SLIP/arm-2013.05/arm-none-eabi/lib/armv6-m/libc.a(lib_a-impure.o)
                0x20000010                _impure_ptr
 .data          0x20000440       0x7c /afs/inf.ed.ac.uk/user/s13/s1367762/slip/slip2/SLIP/arm-2013.05/arm-none-eabi/lib/armv6-m/libc.a(lib_a-locale.o)
                0x20000460                __mb_cur_max
 .data          0x200004bc      0x410 /afs/inf.ed.ac.uk/user/s13/s1367762/slip/slip2/SLIP/arm-2013.05/arm-none-eabi/lib/armv6-m/libc.a(lib_a-mallocr.o)
                0x200004bc                __malloc_av_
                0x200008c4                __malloc_sbrk_base
                0x200008c8                __malloc_trim_threshold
 .data          0x200008cc        0x0 /afs/inf.ed.ac.uk/user/s13/s1367762/slip/slip2/SLIP/arm-2013.05/arm-none-eabi/lib/armv6-m/libc.a(lib_a-memchr.o)
 .data          0x200008cc        0x0 /afs/inf.ed.ac.uk/user/s13/s1367762/slip/slip2/SLIP/arm-2013.05/arm-none-eabi/lib/armv6-m/libc.a(lib_a-memcpy.o)
 .data          0x200008cc        0x0 /afs/inf.ed.ac.uk/user/s13/s1367762/slip/slip2/SLIP/arm-2013.05/arm-none-eabi/lib/armv6-m/libc.a(lib_a-mlock.o)
 .data          0x200008cc        0x0 /afs/inf.ed.ac.uk/user/s13/s1367762/slip/slip2/SLIP/arm-2013.05/arm-none-eabi/lib/armv6-m/libc.a(lib_a-mprec.o)
 .data          0x200008cc        0x0 /afs/inf.ed.ac.uk/user/s13/s1367762/slip/slip2/SLIP/arm-2013.05/arm-none-eabi/lib/armv6-m/libc.a(lib_a-s_fpclassify.o)
 .data          0x200008cc        0x0 /afs/inf.ed.ac.uk/user/s13/s1367762/slip/slip2/SLIP/arm-2013.05/arm-none-eabi/lib/armv6-m/libc.a(lib_a-sbrkr.o)
 .data          0x200008cc        0x0 /afs/inf.ed.ac.uk/user/s13/s1367762/slip/slip2/SLIP/arm-2013.05/arm-none-eabi/lib/armv6-m/libc.a(lib_a-strcmp.o)
 .data          0x200008cc        0x0 /afs/inf.ed.ac.uk/user/s13/s1367762/slip/slip2/SLIP/arm-2013.05/arm-none-eabi/lib/armv6-m/libc.a(lib_a-strlen.o)
 .data          0x200008cc        0x0 /afs/inf.ed.ac.uk/user/s13/s1367762/slip/slip2/SLIP/arm-2013.05/arm-none-eabi/lib/armv6-m/libc.a(lib_a-svfiprintf.o)
 .data          0x200008cc        0x0 /afs/inf.ed.ac.uk/user/s13/s1367762/slip/slip2/SLIP/arm-2013.05/arm-none-eabi/lib/armv6-m/libc.a(lib_a-callocr.o)
 .data          0x200008cc        0x0 /afs/inf.ed.ac.uk/user/s13/s1367762/slip/slip2/SLIP/arm-2013.05/arm-none-eabi/lib/armv6-m/libc.a(lib_a-freer.o)
 .data          0x200008cc        0x0 /afs/inf.ed.ac.uk/user/s13/s1367762/slip/slip2/SLIP/arm-2013.05/arm-none-eabi/lib/armv6-m/libc.a(lib_a-memmove.o)
 .data          0x200008cc        0x0 /afs/inf.ed.ac.uk/user/s13/s1367762/slip/slip2/SLIP/arm-2013.05/arm-none-eabi/lib/armv6-m/libc.a(lib_a-memset.o)
 .data          0x200008cc        0x0 /afs/inf.ed.ac.uk/user/s13/s1367762/slip/slip2/SLIP/arm-2013.05/arm-none-eabi/lib/armv6-m/libc.a(lib_a-reallocr.o)
 .data          0x200008cc        0x0 /afs/inf.ed.ac.uk/user/s13/s1367762/slip/slip2/SLIP/arm-2013.05/arm-none-eabi/lib/armv6-m/libc.a(lib_a-reent.o)
 .data          0x200008cc        0x0 /afs/inf.ed.ac.uk/user/s13/s1367762/slip/slip2/SLIP/arm-2013.05/bin/../lib/gcc/arm-none-eabi/4.7.3/armv6-m/libgcc.a(_udivsi3.o)
 .data          0x200008cc        0x0 /afs/inf.ed.ac.uk/user/s13/s1367762/slip/slip2/SLIP/arm-2013.05/bin/../lib/gcc/arm-none-eabi/4.7.3/armv6-m/libgcc.a(_divsi3.o)
 .data          0x200008cc        0x0 /afs/inf.ed.ac.uk/user/s13/s1367762/slip/slip2/SLIP/arm-2013.05/bin/../lib/gcc/arm-none-eabi/4.7.3/armv6-m/libgcc.a(_dvmd_tls.o)
 .data          0x200008cc        0x0 /afs/inf.ed.ac.uk/user/s13/s1367762/slip/slip2/SLIP/arm-2013.05/bin/../lib/gcc/arm-none-eabi/4.7.3/armv6-m/libgcc.a(_arm_cmpdf2.o)
 .data          0x200008cc        0x0 /afs/inf.ed.ac.uk/user/s13/s1367762/slip/slip2/SLIP/arm-2013.05/bin/../lib/gcc/arm-none-eabi/4.7.3/armv6-m/libgcc.a(_aeabi_uldivmod.o)
 .data          0x200008cc        0x0 /afs/inf.ed.ac.uk/user/s13/s1367762/slip/slip2/SLIP/arm-2013.05/bin/../lib/gcc/arm-none-eabi/4.7.3/armv6-m/libgcc.a(bpabi.o)
 .data          0x200008cc        0x0 /afs/inf.ed.ac.uk/user/s13/s1367762/slip/slip2/SLIP/arm-2013.05/bin/../lib/gcc/arm-none-eabi/4.7.3/armv6-m/libgcc.a(adddf3.o)
 .data          0x200008cc        0x0 /afs/inf.ed.ac.uk/user/s13/s1367762/slip/slip2/SLIP/arm-2013.05/bin/../lib/gcc/arm-none-eabi/4.7.3/armv6-m/libgcc.a(divdf3.o)
 .data          0x200008cc        0x0 /afs/inf.ed.ac.uk/user/s13/s1367762/slip/slip2/SLIP/arm-2013.05/bin/../lib/gcc/arm-none-eabi/4.7.3/armv6-m/libgcc.a(eqdf2.o)
 .data          0x200008cc        0x0 /afs/inf.ed.ac.uk/user/s13/s1367762/slip/slip2/SLIP/arm-2013.05/bin/../lib/gcc/arm-none-eabi/4.7.3/armv6-m/libgcc.a(gedf2.o)
 .data          0x200008cc        0x0 /afs/inf.ed.ac.uk/user/s13/s1367762/slip/slip2/SLIP/arm-2013.05/bin/../lib/gcc/arm-none-eabi/4.7.3/armv6-m/libgcc.a(ledf2.o)
 .data          0x200008cc        0x0 /afs/inf.ed.ac.uk/user/s13/s1367762/slip/slip2/SLIP/arm-2013.05/bin/../lib/gcc/arm-none-eabi/4.7.3/armv6-m/libgcc.a(muldf3.o)
 .data          0x200008cc        0x0 /afs/inf.ed.ac.uk/user/s13/s1367762/slip/slip2/SLIP/arm-2013.05/bin/../lib/gcc/arm-none-eabi/4.7.3/armv6-m/libgcc.a(subdf3.o)
 .data          0x200008cc        0x0 /afs/inf.ed.ac.uk/user/s13/s1367762/slip/slip2/SLIP/arm-2013.05/bin/../lib/gcc/arm-none-eabi/4.7.3/armv6-m/libgcc.a(fixdfsi.o)
 .data          0x200008cc        0x0 /afs/inf.ed.ac.uk/user/s13/s1367762/slip/slip2/SLIP/arm-2013.05/bin/../lib/gcc/arm-none-eabi/4.7.3/armv6-m/libgcc.a(floatsidf.o)
 .data          0x200008cc        0x0 /afs/inf.ed.ac.uk/user/s13/s1367762/slip/slip2/SLIP/arm-2013.05/bin/../lib/gcc/arm-none-eabi/4.7.3/armv6-m/libgcc.a(floatunsidf.o)
 .data          0x200008cc        0x0 /afs/inf.ed.ac.uk/user/s13/s1367762/slip/slip2/SLIP/arm-2013.05/bin/../lib/gcc/arm-none-eabi/4.7.3/armv6-m/libgcc.a(_clzsi2.o)
 .data          0x200008cc        0x0 /afs/inf.ed.ac.uk/user/s13/s1367762/slip/slip2/SLIP/arm-2013.05/bin/../lib/gcc/arm-none-eabi/4.7.3/armv6-m/libgcc.a(_muldi3.o)
 .data          0x200008cc        0x0 /afs/inf.ed.ac.uk/user/s13/s1367762/slip/slip2/SLIP/arm-2013.05/bin/../lib/gcc/arm-none-eabi/4.7.3/armv6-m/libgcc.a(_divdi3.o)
 .data          0x200008cc        0x0 /afs/inf.ed.ac.uk/user/s13/s1367762/slip/slip2/SLIP/arm-2013.05/bin/../lib/gcc/arm-none-eabi/4.7.3/armv6-m/libgcc.a(_udivdi3.o)
 .data          0x200008cc        0x0 /afs/inf.ed.ac.uk/user/s13/s1367762/slip/slip2/SLIP/arm-2013.05/bin/../lib/gcc/arm-none-eabi/4.7.3/armv6-m/crtend.o
 .data          0x200008cc        0x0 /afs/inf.ed.ac.uk/user/s13/s1367762/slip/slip2/SLIP/arm-2013.05/bin/../lib/gcc/arm-none-eabi/4.7.3/armv6-m/crtn.o
 .data          0x200008cc        0x0 /afs/inf.ed.ac.uk/user/s13/s1367762/slip/slip2/SLIP/arm-2013.05/arm-none-eabi/lib/armv6-m/libcs3.a(start_c.o)
 .data          0x200008cc        0x4 /afs/inf.ed.ac.uk/user/s13/s1367762/slip/slip2/SLIP/arm-2013.05/arm-none-eabi/lib/armv6-m/libcs3unhosted.a(unhosted-sbrk.o)
 .data          0x200008d0        0x0 /afs/inf.ed.ac.uk/user/s13/s1367762/slip/slip2/SLIP/arm-2013.05/arm-none-eabi/lib/armv6-m/libcs3unhosted.a(unhosted-start.o)
 .data          0x200008d0        0x0 /afs/inf.ed.ac.uk/user/s13/s1367762/slip/slip2/SLIP/arm-2013.05/arm-none-eabi/lib/armv6-m/libc.a(lib_a-errno.o)
 .data          0x200008d0        0x0 /afs/inf.ed.ac.uk/user/s13/s1367762/slip/slip2/SLIP/arm-2013.05/arm-none-eabi/lib/armv6-m/libc.a(lib_a-init.o)
 .data          0x200008d0        0x4 /afs/inf.ed.ac.uk/user/s13/s1367762/slip/slip2/SLIP/arm-2013.05/arm-none-eabi/lib/armv6-m/libcs3.a(heap.o)
                0x200008d0                __cs3_heap_limit
                0x200008d8                . = ALIGN (0x8)
 *fill*         0x200008d4        0x4 
 *(.ram)
                0x200008d8                _edata = .

.tm_clone_table
                0x200008d8        0x0 load address 0x00009b48
 .tm_clone_table
                0x200008d8        0x0 /afs/inf.ed.ac.uk/user/s13/s1367762/slip/slip2/SLIP/arm-2013.05/bin/../lib/gcc/arm-none-eabi/4.7.3/armv6-m/crtbegin.o
 .tm_clone_table
                0x200008d8        0x0 /afs/inf.ed.ac.uk/user/s13/s1367762/slip/slip2/SLIP/arm-2013.05/bin/../lib/gcc/arm-none-eabi/4.7.3/armv6-m/crtend.o

.igot.plt       0x200008d8        0x0 load address 0x00009b48
 .igot.plt      0x00000000        0x0 /afs/inf.ed.ac.uk/user/s13/s1367762/slip/slip2/SLIP/arm-2013.05/bin/../lib/gcc/arm-none-eabi/4.7.3/armv6-m/crtbegin.o

.bss            0x200008d8      0x2c0 load address 0x00009b48
 *(.shbss)
 *(.bss .bss.* .gnu.linkonce.b.*)
 .bss           0x200008d8        0x0 /afs/inf.ed.ac.uk/user/s13/s1367762/slip/slip2/SLIP/arm-2013.05/bin/../lib/gcc/arm-none-eabi/4.7.3/armv6-m/crti.o
 .bss           0x200008d8       0x1c /afs/inf.ed.ac.uk/user/s13/s1367762/slip/slip2/SLIP/arm-2013.05/bin/../lib/gcc/arm-none-eabi/4.7.3/armv6-m/crtbegin.o
 .bss           0x200008f4      0x218 _build/main.o
 .bss           0x20000b0c       0x28 _build/app_timer.o
 .bss           0x20000b34        0x0 _build/simple_uart.o
 .bss           0x20000b34        0x0 _build/system_nrf51.o
 .bss           0x20000b34        0x0 _build/gcc_startup_nrf51.o
 .bss           0x20000b34        0x0 /afs/inf.ed.ac.uk/user/s13/s1367762/slip/slip2/SLIP/arm-2013.05/arm-none-eabi/lib/armv6-m/libc.a(lib_a-sprintf.o)
 .bss           0x20000b34        0x0 /afs/inf.ed.ac.uk/user/s13/s1367762/slip/slip2/SLIP/arm-2013.05/arm-none-eabi/lib/armv6-m/libc.a(lib_a-svfprintf.o)
 .bss           0x20000b34        0x0 /afs/inf.ed.ac.uk/user/s13/s1367762/slip/slip2/SLIP/arm-2013.05/arm-none-eabi/lib/armv6-m/libc.a(lib_a-dtoa.o)
 .bss           0x20000b34        0x0 /afs/inf.ed.ac.uk/user/s13/s1367762/slip/slip2/SLIP/arm-2013.05/arm-none-eabi/lib/armv6-m/libc.a(lib_a-impure.o)
 .bss           0x20000b34        0xc /afs/inf.ed.ac.uk/user/s13/s1367762/slip/slip2/SLIP/arm-2013.05/arm-none-eabi/lib/armv6-m/libc.a(lib_a-locale.o)
                0x20000b34                _PathLocale
                0x20000b38                __mlocale_changed
                0x20000b3c                __nlocale_changed
 .bss           0x20000b40       0x34 /afs/inf.ed.ac.uk/user/s13/s1367762/slip/slip2/SLIP/arm-2013.05/arm-none-eabi/lib/armv6-m/libc.a(lib_a-mallocr.o)
                0x20000b40                __malloc_top_pad
                0x20000b44                __malloc_current_mallinfo
                0x20000b6c                __malloc_max_sbrked_mem
                0x20000b70                __malloc_max_total_mem
 .bss           0x20000b74        0x0 /afs/inf.ed.ac.uk/user/s13/s1367762/slip/slip2/SLIP/arm-2013.05/arm-none-eabi/lib/armv6-m/libc.a(lib_a-memchr.o)
 .bss           0x20000b74        0x0 /afs/inf.ed.ac.uk/user/s13/s1367762/slip/slip2/SLIP/arm-2013.05/arm-none-eabi/lib/armv6-m/libc.a(lib_a-memcpy.o)
 .bss           0x20000b74        0x0 /afs/inf.ed.ac.uk/user/s13/s1367762/slip/slip2/SLIP/arm-2013.05/arm-none-eabi/lib/armv6-m/libc.a(lib_a-mlock.o)
 .bss           0x20000b74        0x0 /afs/inf.ed.ac.uk/user/s13/s1367762/slip/slip2/SLIP/arm-2013.05/arm-none-eabi/lib/armv6-m/libc.a(lib_a-mprec.o)
 .bss           0x20000b74        0x0 /afs/inf.ed.ac.uk/user/s13/s1367762/slip/slip2/SLIP/arm-2013.05/arm-none-eabi/lib/armv6-m/libc.a(lib_a-s_fpclassify.o)
 .bss           0x20000b74        0x0 /afs/inf.ed.ac.uk/user/s13/s1367762/slip/slip2/SLIP/arm-2013.05/arm-none-eabi/lib/armv6-m/libc.a(lib_a-sbrkr.o)
 .bss           0x20000b74        0x0 /afs/inf.ed.ac.uk/user/s13/s1367762/slip/slip2/SLIP/arm-2013.05/arm-none-eabi/lib/armv6-m/libc.a(lib_a-strcmp.o)
 .bss           0x20000b74        0x0 /afs/inf.ed.ac.uk/user/s13/s1367762/slip/slip2/SLIP/arm-2013.05/arm-none-eabi/lib/armv6-m/libc.a(lib_a-strlen.o)
 .bss           0x20000b74        0x0 /afs/inf.ed.ac.uk/user/s13/s1367762/slip/slip2/SLIP/arm-2013.05/arm-none-eabi/lib/armv6-m/libc.a(lib_a-svfiprintf.o)
 .bss           0x20000b74        0x0 /afs/inf.ed.ac.uk/user/s13/s1367762/slip/slip2/SLIP/arm-2013.05/arm-none-eabi/lib/armv6-m/libc.a(lib_a-callocr.o)
 .bss           0x20000b74        0x0 /afs/inf.ed.ac.uk/user/s13/s1367762/slip/slip2/SLIP/arm-2013.05/arm-none-eabi/lib/armv6-m/libc.a(lib_a-freer.o)
 .bss           0x20000b74        0x0 /afs/inf.ed.ac.uk/user/s13/s1367762/slip/slip2/SLIP/arm-2013.05/arm-none-eabi/lib/armv6-m/libc.a(lib_a-memmove.o)
 .bss           0x20000b74        0x0 /afs/inf.ed.ac.uk/user/s13/s1367762/slip/slip2/SLIP/arm-2013.05/arm-none-eabi/lib/armv6-m/libc.a(lib_a-memset.o)
 .bss           0x20000b74        0x0 /afs/inf.ed.ac.uk/user/s13/s1367762/slip/slip2/SLIP/arm-2013.05/arm-none-eabi/lib/armv6-m/libc.a(lib_a-reallocr.o)
 .bss           0x20000b74        0x0 /afs/inf.ed.ac.uk/user/s13/s1367762/slip/slip2/SLIP/arm-2013.05/arm-none-eabi/lib/armv6-m/libc.a(lib_a-reent.o)
 .bss           0x20000b74        0x0 /afs/inf.ed.ac.uk/user/s13/s1367762/slip/slip2/SLIP/arm-2013.05/bin/../lib/gcc/arm-none-eabi/4.7.3/armv6-m/libgcc.a(_udivsi3.o)
 .bss           0x20000b74        0x0 /afs/inf.ed.ac.uk/user/s13/s1367762/slip/slip2/SLIP/arm-2013.05/bin/../lib/gcc/arm-none-eabi/4.7.3/armv6-m/libgcc.a(_divsi3.o)
 .bss           0x20000b74        0x0 /afs/inf.ed.ac.uk/user/s13/s1367762/slip/slip2/SLIP/arm-2013.05/bin/../lib/gcc/arm-none-eabi/4.7.3/armv6-m/libgcc.a(_dvmd_tls.o)
 .bss           0x20000b74        0x0 /afs/inf.ed.ac.uk/user/s13/s1367762/slip/slip2/SLIP/arm-2013.05/bin/../lib/gcc/arm-none-eabi/4.7.3/armv6-m/libgcc.a(_arm_cmpdf2.o)
 .bss           0x20000b74        0x0 /afs/inf.ed.ac.uk/user/s13/s1367762/slip/slip2/SLIP/arm-2013.05/bin/../lib/gcc/arm-none-eabi/4.7.3/armv6-m/libgcc.a(_aeabi_uldivmod.o)
 .bss           0x20000b74        0x0 /afs/inf.ed.ac.uk/user/s13/s1367762/slip/slip2/SLIP/arm-2013.05/bin/../lib/gcc/arm-none-eabi/4.7.3/armv6-m/libgcc.a(bpabi.o)
 .bss           0x20000b74        0x0 /afs/inf.ed.ac.uk/user/s13/s1367762/slip/slip2/SLIP/arm-2013.05/bin/../lib/gcc/arm-none-eabi/4.7.3/armv6-m/libgcc.a(adddf3.o)
 .bss           0x20000b74        0x0 /afs/inf.ed.ac.uk/user/s13/s1367762/slip/slip2/SLIP/arm-2013.05/bin/../lib/gcc/arm-none-eabi/4.7.3/armv6-m/libgcc.a(divdf3.o)
 .bss           0x20000b74        0x0 /afs/inf.ed.ac.uk/user/s13/s1367762/slip/slip2/SLIP/arm-2013.05/bin/../lib/gcc/arm-none-eabi/4.7.3/armv6-m/libgcc.a(eqdf2.o)
 .bss           0x20000b74        0x0 /afs/inf.ed.ac.uk/user/s13/s1367762/slip/slip2/SLIP/arm-2013.05/bin/../lib/gcc/arm-none-eabi/4.7.3/armv6-m/libgcc.a(gedf2.o)
 .bss           0x20000b74        0x0 /afs/inf.ed.ac.uk/user/s13/s1367762/slip/slip2/SLIP/arm-2013.05/bin/../lib/gcc/arm-none-eabi/4.7.3/armv6-m/libgcc.a(ledf2.o)
 .bss           0x20000b74        0x0 /afs/inf.ed.ac.uk/user/s13/s1367762/slip/slip2/SLIP/arm-2013.05/bin/../lib/gcc/arm-none-eabi/4.7.3/armv6-m/libgcc.a(muldf3.o)
 .bss           0x20000b74        0x0 /afs/inf.ed.ac.uk/user/s13/s1367762/slip/slip2/SLIP/arm-2013.05/bin/../lib/gcc/arm-none-eabi/4.7.3/armv6-m/libgcc.a(subdf3.o)
 .bss           0x20000b74        0x0 /afs/inf.ed.ac.uk/user/s13/s1367762/slip/slip2/SLIP/arm-2013.05/bin/../lib/gcc/arm-none-eabi/4.7.3/armv6-m/libgcc.a(fixdfsi.o)
 .bss           0x20000b74        0x0 /afs/inf.ed.ac.uk/user/s13/s1367762/slip/slip2/SLIP/arm-2013.05/bin/../lib/gcc/arm-none-eabi/4.7.3/armv6-m/libgcc.a(floatsidf.o)
 .bss           0x20000b74        0x0 /afs/inf.ed.ac.uk/user/s13/s1367762/slip/slip2/SLIP/arm-2013.05/bin/../lib/gcc/arm-none-eabi/4.7.3/armv6-m/libgcc.a(floatunsidf.o)
 .bss           0x20000b74        0x0 /afs/inf.ed.ac.uk/user/s13/s1367762/slip/slip2/SLIP/arm-2013.05/bin/../lib/gcc/arm-none-eabi/4.7.3/armv6-m/libgcc.a(_clzsi2.o)
 .bss           0x20000b74        0x0 /afs/inf.ed.ac.uk/user/s13/s1367762/slip/slip2/SLIP/arm-2013.05/bin/../lib/gcc/arm-none-eabi/4.7.3/armv6-m/libgcc.a(_muldi3.o)
 .bss           0x20000b74        0x0 /afs/inf.ed.ac.uk/user/s13/s1367762/slip/slip2/SLIP/arm-2013.05/bin/../lib/gcc/arm-none-eabi/4.7.3/armv6-m/libgcc.a(_divdi3.o)
 .bss           0x20000b74        0x0 /afs/inf.ed.ac.uk/user/s13/s1367762/slip/slip2/SLIP/arm-2013.05/bin/../lib/gcc/arm-none-eabi/4.7.3/armv6-m/libgcc.a(_udivdi3.o)
 .bss           0x20000b74        0x0 /afs/inf.ed.ac.uk/user/s13/s1367762/slip/slip2/SLIP/arm-2013.05/bin/../lib/gcc/arm-none-eabi/4.7.3/armv6-m/crtend.o
 .bss           0x20000b74        0x0 /afs/inf.ed.ac.uk/user/s13/s1367762/slip/slip2/SLIP/arm-2013.05/bin/../lib/gcc/arm-none-eabi/4.7.3/armv6-m/crtn.o
 .bss           0x20000b74        0x0 /afs/inf.ed.ac.uk/user/s13/s1367762/slip/slip2/SLIP/arm-2013.05/arm-none-eabi/lib/armv6-m/libcs3.a(start_c.o)
 .bss           0x20000b74        0x0 /afs/inf.ed.ac.uk/user/s13/s1367762/slip/slip2/SLIP/arm-2013.05/arm-none-eabi/lib/armv6-m/libcs3unhosted.a(unhosted-sbrk.o)
 .bss           0x20000b74        0x0 /afs/inf.ed.ac.uk/user/s13/s1367762/slip/slip2/SLIP/arm-2013.05/arm-none-eabi/lib/armv6-m/libcs3unhosted.a(unhosted-start.o)
 .bss           0x20000b74        0x0 /afs/inf.ed.ac.uk/user/s13/s1367762/slip/slip2/SLIP/arm-2013.05/arm-none-eabi/lib/armv6-m/libc.a(lib_a-errno.o)
 .bss           0x20000b74        0x0 /afs/inf.ed.ac.uk/user/s13/s1367762/slip/slip2/SLIP/arm-2013.05/arm-none-eabi/lib/armv6-m/libc.a(lib_a-init.o)
 .bss           0x20000b74        0x0 /afs/inf.ed.ac.uk/user/s13/s1367762/slip/slip2/SLIP/arm-2013.05/arm-none-eabi/lib/armv6-m/libcs3.a(heap.o)
 *(COMMON)
 COMMON         0x20000b74       0x20 _build/main.o
                0x20000b74                printBuff
 COMMON         0x20000b94        0x4 /afs/inf.ed.ac.uk/user/s13/s1367762/slip/slip2/SLIP/arm-2013.05/arm-none-eabi/lib/armv6-m/libc.a(lib_a-reent.o)
                0x20000b94                errno
                0x20000b98                . = ALIGN (0x8)
 *(.ram.b .bss.ram)
                0x20000b98                _end = .
                0x20000b98                __end = .
                0x20004000                __cs3_region_end_ram = (__cs3_region_start_ram + 0x4000)
                0x00004000                __cs3_region_size_ram = 0x4000
                0x00009270                __cs3_region_init_ram = LOADADDR (.data)
                0x000008d8                __cs3_region_init_size_ram = (_edata - ADDR (.data))
                0x000002c0                __cs3_region_zero_size_ram = (_end - _edata)

.stab
 *(.stab)

.stabstr
 *(.stabstr)

.debug
 *(.debug)

.line
 *(.line)

.debug_srcinfo
 *(.debug_srcinfo)

.debug_sfnames
 *(.debug_sfnames)

.debug_aranges  0x00000000       0x80
 *(.debug_aranges)
 .debug_aranges
                0x00000000       0x20 _build/main.o
 .debug_aranges
                0x00000020       0x20 _build/app_timer.o
 .debug_aranges
                0x00000040       0x20 _build/simple_uart.o
 .debug_aranges
                0x00000060       0x20 _build/system_nrf51.o

.debug_pubnames
 *(.debug_pubnames)

.debug_info     0x00000000     0x2a58
 *(.debug_info .gnu.linkonce.wi.*)
 .debug_info    0x00000000      0x598 _build/main.o
 .debug_info    0x00000598     0x1d86 _build/app_timer.o
 .debug_info    0x0000231e      0x67a _build/simple_uart.o
 .debug_info    0x00002998       0xc0 _build/system_nrf51.o

.debug_abbrev   0x00000000      0x69d
 *(.debug_abbrev)
 .debug_abbrev  0x00000000      0x163 _build/main.o
 .debug_abbrev  0x00000163      0x356 _build/app_timer.o
 .debug_abbrev  0x000004b9      0x181 _build/simple_uart.o
 .debug_abbrev  0x0000063a       0x63 _build/system_nrf51.o

.debug_line     0x00000000     0x11f3
 *(.debug_line)
 .debug_line    0x00000000      0x4b6 _build/main.o
 .debug_line    0x000004b6      0x834 _build/app_timer.o
 .debug_line    0x00000cea      0x2d2 _build/simple_uart.o
 .debug_line    0x00000fbc      0x237 _build/system_nrf51.o

.debug_frame    0x00000000     0x1540
 *(.debug_frame)
 .debug_frame   0x00000000       0xb0 _build/main.o
 .debug_frame   0x000000b0      0x7d4 _build/app_timer.o
 .debug_frame   0x00000884      0x10c _build/simple_uart.o
 .debug_frame   0x00000990       0x48 _build/system_nrf51.o
 .debug_frame   0x000009d8       0x4c /afs/inf.ed.ac.uk/user/s13/s1367762/slip/slip2/SLIP/arm-2013.05/arm-none-eabi/lib/armv6-m/libc.a(lib_a-sprintf.o)
 .debug_frame   0x00000a24       0x3c /afs/inf.ed.ac.uk/user/s13/s1367762/slip/slip2/SLIP/arm-2013.05/arm-none-eabi/lib/armv6-m/libc.a(lib_a-svfprintf.o)
 .debug_frame   0x00000a60       0x68 /afs/inf.ed.ac.uk/user/s13/s1367762/slip/slip2/SLIP/arm-2013.05/arm-none-eabi/lib/armv6-m/libc.a(lib_a-dtoa.o)
 .debug_frame   0x00000ac8       0xa4 /afs/inf.ed.ac.uk/user/s13/s1367762/slip/slip2/SLIP/arm-2013.05/arm-none-eabi/lib/armv6-m/libc.a(lib_a-locale.o)
 .debug_frame   0x00000b6c       0x3c /afs/inf.ed.ac.uk/user/s13/s1367762/slip/slip2/SLIP/arm-2013.05/arm-none-eabi/lib/armv6-m/libc.a(lib_a-mallocr.o)
 .debug_frame   0x00000ba8       0x30 /afs/inf.ed.ac.uk/user/s13/s1367762/slip/slip2/SLIP/arm-2013.05/arm-none-eabi/lib/armv6-m/libc.a(lib_a-memchr.o)
 .debug_frame   0x00000bd8       0x38 /afs/inf.ed.ac.uk/user/s13/s1367762/slip/slip2/SLIP/arm-2013.05/arm-none-eabi/lib/armv6-m/libc.a(lib_a-memcpy.o)
 .debug_frame   0x00000c10       0x30 /afs/inf.ed.ac.uk/user/s13/s1367762/slip/slip2/SLIP/arm-2013.05/arm-none-eabi/lib/armv6-m/libc.a(lib_a-mlock.o)
 .debug_frame   0x00000c40      0x27c /afs/inf.ed.ac.uk/user/s13/s1367762/slip/slip2/SLIP/arm-2013.05/arm-none-eabi/lib/armv6-m/libc.a(lib_a-mprec.o)
 .debug_frame   0x00000ebc       0x28 /afs/inf.ed.ac.uk/user/s13/s1367762/slip/slip2/SLIP/arm-2013.05/arm-none-eabi/lib/armv6-m/libc.a(lib_a-s_fpclassify.o)
 .debug_frame   0x00000ee4       0x2c /afs/inf.ed.ac.uk/user/s13/s1367762/slip/slip2/SLIP/arm-2013.05/arm-none-eabi/lib/armv6-m/libc.a(lib_a-sbrkr.o)
 .debug_frame   0x00000f10       0x20 /afs/inf.ed.ac.uk/user/s13/s1367762/slip/slip2/SLIP/arm-2013.05/arm-none-eabi/lib/armv6-m/libc.a(lib_a-strcmp.o)
 .debug_frame   0x00000f30       0x20 /afs/inf.ed.ac.uk/user/s13/s1367762/slip/slip2/SLIP/arm-2013.05/arm-none-eabi/lib/armv6-m/libc.a(lib_a-strlen.o)
 .debug_frame   0x00000f50       0x68 /afs/inf.ed.ac.uk/user/s13/s1367762/slip/slip2/SLIP/arm-2013.05/arm-none-eabi/lib/armv6-m/libc.a(lib_a-svfiprintf.o)
 .debug_frame   0x00000fb8       0x28 /afs/inf.ed.ac.uk/user/s13/s1367762/slip/slip2/SLIP/arm-2013.05/arm-none-eabi/lib/armv6-m/libc.a(lib_a-callocr.o)
 .debug_frame   0x00000fe0       0x54 /afs/inf.ed.ac.uk/user/s13/s1367762/slip/slip2/SLIP/arm-2013.05/arm-none-eabi/lib/armv6-m/libc.a(lib_a-freer.o)
 .debug_frame   0x00001034       0x30 /afs/inf.ed.ac.uk/user/s13/s1367762/slip/slip2/SLIP/arm-2013.05/arm-none-eabi/lib/armv6-m/libc.a(lib_a-memmove.o)
 .debug_frame   0x00001064       0x2c /afs/inf.ed.ac.uk/user/s13/s1367762/slip/slip2/SLIP/arm-2013.05/arm-none-eabi/lib/armv6-m/libc.a(lib_a-memset.o)
 .debug_frame   0x00001090       0x3c /afs/inf.ed.ac.uk/user/s13/s1367762/slip/slip2/SLIP/arm-2013.05/arm-none-eabi/lib/armv6-m/libc.a(lib_a-reallocr.o)
 .debug_frame   0x000010cc       0x68 /afs/inf.ed.ac.uk/user/s13/s1367762/slip/slip2/SLIP/arm-2013.05/arm-none-eabi/lib/armv6-m/libc.a(lib_a-reent.o)
 .debug_frame   0x00001134       0x20 /afs/inf.ed.ac.uk/user/s13/s1367762/slip/slip2/SLIP/arm-2013.05/bin/../lib/gcc/arm-none-eabi/4.7.3/armv6-m/libgcc.a(_udivsi3.o)
 .debug_frame   0x00001154       0x20 /afs/inf.ed.ac.uk/user/s13/s1367762/slip/slip2/SLIP/arm-2013.05/bin/../lib/gcc/arm-none-eabi/4.7.3/armv6-m/libgcc.a(_divsi3.o)
 .debug_frame   0x00001174       0x60 /afs/inf.ed.ac.uk/user/s13/s1367762/slip/slip2/SLIP/arm-2013.05/bin/../lib/gcc/arm-none-eabi/4.7.3/armv6-m/libgcc.a(bpabi.o)
 .debug_frame   0x000011d4       0x3c /afs/inf.ed.ac.uk/user/s13/s1367762/slip/slip2/SLIP/arm-2013.05/bin/../lib/gcc/arm-none-eabi/4.7.3/armv6-m/libgcc.a(adddf3.o)
 .debug_frame   0x00001210       0x3c /afs/inf.ed.ac.uk/user/s13/s1367762/slip/slip2/SLIP/arm-2013.05/bin/../lib/gcc/arm-none-eabi/4.7.3/armv6-m/libgcc.a(divdf3.o)
 .debug_frame   0x0000124c       0x34 /afs/inf.ed.ac.uk/user/s13/s1367762/slip/slip2/SLIP/arm-2013.05/bin/../lib/gcc/arm-none-eabi/4.7.3/armv6-m/libgcc.a(eqdf2.o)
 .debug_frame   0x00001280       0x34 /afs/inf.ed.ac.uk/user/s13/s1367762/slip/slip2/SLIP/arm-2013.05/bin/../lib/gcc/arm-none-eabi/4.7.3/armv6-m/libgcc.a(gedf2.o)
 .debug_frame   0x000012b4       0x34 /afs/inf.ed.ac.uk/user/s13/s1367762/slip/slip2/SLIP/arm-2013.05/bin/../lib/gcc/arm-none-eabi/4.7.3/armv6-m/libgcc.a(ledf2.o)
 .debug_frame   0x000012e8       0x3c /afs/inf.ed.ac.uk/user/s13/s1367762/slip/slip2/SLIP/arm-2013.05/bin/../lib/gcc/arm-none-eabi/4.7.3/armv6-m/libgcc.a(muldf3.o)
 .debug_frame   0x00001324       0x38 /afs/inf.ed.ac.uk/user/s13/s1367762/slip/slip2/SLIP/arm-2013.05/bin/../lib/gcc/arm-none-eabi/4.7.3/armv6-m/libgcc.a(subdf3.o)
 .debug_frame   0x0000135c       0x2c /afs/inf.ed.ac.uk/user/s13/s1367762/slip/slip2/SLIP/arm-2013.05/bin/../lib/gcc/arm-none-eabi/4.7.3/armv6-m/libgcc.a(fixdfsi.o)
 .debug_frame   0x00001388       0x2c /afs/inf.ed.ac.uk/user/s13/s1367762/slip/slip2/SLIP/arm-2013.05/bin/../lib/gcc/arm-none-eabi/4.7.3/armv6-m/libgcc.a(floatsidf.o)
 .debug_frame   0x000013b4       0x28 /afs/inf.ed.ac.uk/user/s13/s1367762/slip/slip2/SLIP/arm-2013.05/bin/../lib/gcc/arm-none-eabi/4.7.3/armv6-m/libgcc.a(floatunsidf.o)
 .debug_frame   0x000013dc       0x30 /afs/inf.ed.ac.uk/user/s13/s1367762/slip/slip2/SLIP/arm-2013.05/bin/../lib/gcc/arm-none-eabi/4.7.3/armv6-m/libgcc.a(_muldi3.o)
 .debug_frame   0x0000140c       0x3c /afs/inf.ed.ac.uk/user/s13/s1367762/slip/slip2/SLIP/arm-2013.05/bin/../lib/gcc/arm-none-eabi/4.7.3/armv6-m/libgcc.a(_divdi3.o)
 .debug_frame   0x00001448       0x3c /afs/inf.ed.ac.uk/user/s13/s1367762/slip/slip2/SLIP/arm-2013.05/bin/../lib/gcc/arm-none-eabi/4.7.3/armv6-m/libgcc.a(_udivdi3.o)
 .debug_frame   0x00001484       0x48 /afs/inf.ed.ac.uk/user/s13/s1367762/slip/slip2/SLIP/arm-2013.05/arm-none-eabi/lib/armv6-m/libcs3.a(start_c.o)
 .debug_frame   0x000014cc       0x28 /afs/inf.ed.ac.uk/user/s13/s1367762/slip/slip2/SLIP/arm-2013.05/arm-none-eabi/lib/armv6-m/libcs3unhosted.a(unhosted-sbrk.o)
 .debug_frame   0x000014f4       0x20 /afs/inf.ed.ac.uk/user/s13/s1367762/slip/slip2/SLIP/arm-2013.05/arm-none-eabi/lib/armv6-m/libc.a(lib_a-errno.o)
 .debug_frame   0x00001514       0x2c /afs/inf.ed.ac.uk/user/s13/s1367762/slip/slip2/SLIP/arm-2013.05/arm-none-eabi/lib/armv6-m/libc.a(lib_a-init.o)

.debug_str      0x00000000    0x2e89d
 *(.debug_str)
 .debug_str     0x00000000    0x29d14 _build/main.o
                              0x2a748 (size before relaxing)
 .debug_str     0x00029d14     0x48af _build/app_timer.o
                              0x2ee8f (size before relaxing)
 .debug_str     0x0002e5c3      0x245 _build/simple_uart.o
                              0x297eb (size before relaxing)
 .debug_str     0x0002e808       0x95 _build/system_nrf51.o
                              0x294e0 (size before relaxing)

.debug_loc      0x00000000      0xbbc
 *(.debug_loc)
 .debug_loc     0x00000000      0x118 _build/main.o
 .debug_loc     0x00000118      0x898 _build/app_timer.o
 .debug_loc     0x000009b0      0x1b4 _build/simple_uart.o
 .debug_loc     0x00000b64       0x58 _build/system_nrf51.o

.debug_macinfo
 *(.debug_macinfo)

.debug_ranges   0x00000000       0x30
 *(.debug_ranges)
 .debug_ranges  0x00000000       0x30 _build/app_timer.o

.debug_weaknames
 *(.debug_weaknames)

.debug_funcnames
 *(.debug_funcnames)

.debug_typenames
 *(.debug_typenames)

.debug_varnames
 *(.debug_varnames)

.note.gnu.arm.ident
 *(.note.gnu.arm.ident)

.ARM.attributes
                0x00000000       0x2b
 *(.ARM.attributes)
 .ARM.attributes
                0x00000000       0x1d /afs/inf.ed.ac.uk/user/s13/s1367762/slip/slip2/SLIP/arm-2013.05/bin/../lib/gcc/arm-none-eabi/4.7.3/armv6-m/crti.o
 .ARM.attributes
                0x0000001d       0x2b /afs/inf.ed.ac.uk/user/s13/s1367762/slip/slip2/SLIP/arm-2013.05/bin/../lib/gcc/arm-none-eabi/4.7.3/armv6-m/crtbegin.o
 .ARM.attributes
                0x00000048       0x31 _build/main.o
 .ARM.attributes
                0x00000079       0x31 _build/app_timer.o
 .ARM.attributes
                0x000000aa       0x31 _build/simple_uart.o
 .ARM.attributes
                0x000000db       0x31 _build/system_nrf51.o
 .ARM.attributes
                0x0000010c       0x14 _build/gcc_startup_nrf51.o
 .ARM.attributes
                0x00000120       0x2b /afs/inf.ed.ac.uk/user/s13/s1367762/slip/slip2/SLIP/arm-2013.05/arm-none-eabi/lib/armv6-m/libc.a(lib_a-sprintf.o)
 .ARM.attributes
                0x0000014b       0x2b /afs/inf.ed.ac.uk/user/s13/s1367762/slip/slip2/SLIP/arm-2013.05/arm-none-eabi/lib/armv6-m/libc.a(lib_a-svfprintf.o)
 .ARM.attributes
                0x00000176       0x2b /afs/inf.ed.ac.uk/user/s13/s1367762/slip/slip2/SLIP/arm-2013.05/arm-none-eabi/lib/armv6-m/libc.a(lib_a-dtoa.o)
 .ARM.attributes
                0x000001a1       0x2b /afs/inf.ed.ac.uk/user/s13/s1367762/slip/slip2/SLIP/arm-2013.05/arm-none-eabi/lib/armv6-m/libc.a(lib_a-impure.o)
 .ARM.attributes
                0x000001cc       0x2b /afs/inf.ed.ac.uk/user/s13/s1367762/slip/slip2/SLIP/arm-2013.05/arm-none-eabi/lib/armv6-m/libc.a(lib_a-locale.o)
 .ARM.attributes
                0x000001f7       0x2b /afs/inf.ed.ac.uk/user/s13/s1367762/slip/slip2/SLIP/arm-2013.05/arm-none-eabi/lib/armv6-m/libc.a(lib_a-mallocr.o)
 .ARM.attributes
                0x00000222       0x2b /afs/inf.ed.ac.uk/user/s13/s1367762/slip/slip2/SLIP/arm-2013.05/arm-none-eabi/lib/armv6-m/libc.a(lib_a-memchr.o)
 .ARM.attributes
                0x0000024d       0x2b /afs/inf.ed.ac.uk/user/s13/s1367762/slip/slip2/SLIP/arm-2013.05/arm-none-eabi/lib/armv6-m/libc.a(lib_a-memcpy.o)
 .ARM.attributes
                0x00000278       0x2b /afs/inf.ed.ac.uk/user/s13/s1367762/slip/slip2/SLIP/arm-2013.05/arm-none-eabi/lib/armv6-m/libc.a(lib_a-mlock.o)
 .ARM.attributes
                0x000002a3       0x2b /afs/inf.ed.ac.uk/user/s13/s1367762/slip/slip2/SLIP/arm-2013.05/arm-none-eabi/lib/armv6-m/libc.a(lib_a-mprec.o)
 .ARM.attributes
                0x000002ce       0x2b /afs/inf.ed.ac.uk/user/s13/s1367762/slip/slip2/SLIP/arm-2013.05/arm-none-eabi/lib/armv6-m/libc.a(lib_a-s_fpclassify.o)
 .ARM.attributes
                0x000002f9       0x2b /afs/inf.ed.ac.uk/user/s13/s1367762/slip/slip2/SLIP/arm-2013.05/arm-none-eabi/lib/armv6-m/libc.a(lib_a-sbrkr.o)
 .ARM.attributes
                0x00000324       0x2b /afs/inf.ed.ac.uk/user/s13/s1367762/slip/slip2/SLIP/arm-2013.05/arm-none-eabi/lib/armv6-m/libc.a(lib_a-strcmp.o)
 .ARM.attributes
                0x0000034f       0x2b /afs/inf.ed.ac.uk/user/s13/s1367762/slip/slip2/SLIP/arm-2013.05/arm-none-eabi/lib/armv6-m/libc.a(lib_a-strlen.o)
 .ARM.attributes
                0x0000037a       0x2b /afs/inf.ed.ac.uk/user/s13/s1367762/slip/slip2/SLIP/arm-2013.05/arm-none-eabi/lib/armv6-m/libc.a(lib_a-svfiprintf.o)
 .ARM.attributes
                0x000003a5       0x2b /afs/inf.ed.ac.uk/user/s13/s1367762/slip/slip2/SLIP/arm-2013.05/arm-none-eabi/lib/armv6-m/libc.a(lib_a-callocr.o)
 .ARM.attributes
                0x000003d0       0x2b /afs/inf.ed.ac.uk/user/s13/s1367762/slip/slip2/SLIP/arm-2013.05/arm-none-eabi/lib/armv6-m/libc.a(lib_a-freer.o)
 .ARM.attributes
                0x000003fb       0x2b /afs/inf.ed.ac.uk/user/s13/s1367762/slip/slip2/SLIP/arm-2013.05/arm-none-eabi/lib/armv6-m/libc.a(lib_a-memmove.o)
 .ARM.attributes
                0x00000426       0x2b /afs/inf.ed.ac.uk/user/s13/s1367762/slip/slip2/SLIP/arm-2013.05/arm-none-eabi/lib/armv6-m/libc.a(lib_a-memset.o)
 .ARM.attributes
                0x00000451       0x2b /afs/inf.ed.ac.uk/user/s13/s1367762/slip/slip2/SLIP/arm-2013.05/arm-none-eabi/lib/armv6-m/libc.a(lib_a-reallocr.o)
 .ARM.attributes
                0x0000047c       0x2b /afs/inf.ed.ac.uk/user/s13/s1367762/slip/slip2/SLIP/arm-2013.05/arm-none-eabi/lib/armv6-m/libc.a(lib_a-reent.o)
 .ARM.attributes
                0x000004a7       0x1d /afs/inf.ed.ac.uk/user/s13/s1367762/slip/slip2/SLIP/arm-2013.05/bin/../lib/gcc/arm-none-eabi/4.7.3/armv6-m/libgcc.a(_udivsi3.o)
 .ARM.attributes
                0x000004c4       0x1d /afs/inf.ed.ac.uk/user/s13/s1367762/slip/slip2/SLIP/arm-2013.05/bin/../lib/gcc/arm-none-eabi/4.7.3/armv6-m/libgcc.a(_divsi3.o)
 .ARM.attributes
                0x000004e1       0x1d /afs/inf.ed.ac.uk/user/s13/s1367762/slip/slip2/SLIP/arm-2013.05/bin/../lib/gcc/arm-none-eabi/4.7.3/armv6-m/libgcc.a(_dvmd_tls.o)
 .ARM.attributes
                0x000004fe       0x1d /afs/inf.ed.ac.uk/user/s13/s1367762/slip/slip2/SLIP/arm-2013.05/bin/../lib/gcc/arm-none-eabi/4.7.3/armv6-m/libgcc.a(_arm_cmpdf2.o)
 .ARM.attributes
                0x0000051b       0x1d /afs/inf.ed.ac.uk/user/s13/s1367762/slip/slip2/SLIP/arm-2013.05/bin/../lib/gcc/arm-none-eabi/4.7.3/armv6-m/libgcc.a(_aeabi_uldivmod.o)
 .ARM.attributes
                0x00000538       0x2b /afs/inf.ed.ac.uk/user/s13/s1367762/slip/slip2/SLIP/arm-2013.05/bin/../lib/gcc/arm-none-eabi/4.7.3/armv6-m/libgcc.a(bpabi.o)
 .ARM.attributes
                0x00000563       0x2b /afs/inf.ed.ac.uk/user/s13/s1367762/slip/slip2/SLIP/arm-2013.05/bin/../lib/gcc/arm-none-eabi/4.7.3/armv6-m/libgcc.a(adddf3.o)
 .ARM.attributes
                0x0000058e       0x2b /afs/inf.ed.ac.uk/user/s13/s1367762/slip/slip2/SLIP/arm-2013.05/bin/../lib/gcc/arm-none-eabi/4.7.3/armv6-m/libgcc.a(divdf3.o)
 .ARM.attributes
                0x000005b9       0x2b /afs/inf.ed.ac.uk/user/s13/s1367762/slip/slip2/SLIP/arm-2013.05/bin/../lib/gcc/arm-none-eabi/4.7.3/armv6-m/libgcc.a(eqdf2.o)
 .ARM.attributes
                0x000005e4       0x2b /afs/inf.ed.ac.uk/user/s13/s1367762/slip/slip2/SLIP/arm-2013.05/bin/../lib/gcc/arm-none-eabi/4.7.3/armv6-m/libgcc.a(gedf2.o)
 .ARM.attributes
                0x0000060f       0x2b /afs/inf.ed.ac.uk/user/s13/s1367762/slip/slip2/SLIP/arm-2013.05/bin/../lib/gcc/arm-none-eabi/4.7.3/armv6-m/libgcc.a(ledf2.o)
 .ARM.attributes
                0x0000063a       0x2b /afs/inf.ed.ac.uk/user/s13/s1367762/slip/slip2/SLIP/arm-2013.05/bin/../lib/gcc/arm-none-eabi/4.7.3/armv6-m/libgcc.a(muldf3.o)
 .ARM.attributes
                0x00000665       0x2b /afs/inf.ed.ac.uk/user/s13/s1367762/slip/slip2/SLIP/arm-2013.05/bin/../lib/gcc/arm-none-eabi/4.7.3/armv6-m/libgcc.a(subdf3.o)
 .ARM.attributes
                0x00000690       0x2b /afs/inf.ed.ac.uk/user/s13/s1367762/slip/slip2/SLIP/arm-2013.05/bin/../lib/gcc/arm-none-eabi/4.7.3/armv6-m/libgcc.a(fixdfsi.o)
 .ARM.attributes
                0x000006bb       0x2b /afs/inf.ed.ac.uk/user/s13/s1367762/slip/slip2/SLIP/arm-2013.05/bin/../lib/gcc/arm-none-eabi/4.7.3/armv6-m/libgcc.a(floatsidf.o)
 .ARM.attributes
                0x000006e6       0x2b /afs/inf.ed.ac.uk/user/s13/s1367762/slip/slip2/SLIP/arm-2013.05/bin/../lib/gcc/arm-none-eabi/4.7.3/armv6-m/libgcc.a(floatunsidf.o)
 .ARM.attributes
                0x00000711       0x1d /afs/inf.ed.ac.uk/user/s13/s1367762/slip/slip2/SLIP/arm-2013.05/bin/../lib/gcc/arm-none-eabi/4.7.3/armv6-m/libgcc.a(_clzsi2.o)
 .ARM.attributes
                0x0000072e       0x2b /afs/inf.ed.ac.uk/user/s13/s1367762/slip/slip2/SLIP/arm-2013.05/bin/../lib/gcc/arm-none-eabi/4.7.3/armv6-m/libgcc.a(_muldi3.o)
 .ARM.attributes
                0x00000759       0x2b /afs/inf.ed.ac.uk/user/s13/s1367762/slip/slip2/SLIP/arm-2013.05/bin/../lib/gcc/arm-none-eabi/4.7.3/armv6-m/libgcc.a(_divdi3.o)
 .ARM.attributes
                0x00000784       0x2b /afs/inf.ed.ac.uk/user/s13/s1367762/slip/slip2/SLIP/arm-2013.05/bin/../lib/gcc/arm-none-eabi/4.7.3/armv6-m/libgcc.a(_udivdi3.o)
 .ARM.attributes
                0x000007af       0x2b /afs/inf.ed.ac.uk/user/s13/s1367762/slip/slip2/SLIP/arm-2013.05/bin/../lib/gcc/arm-none-eabi/4.7.3/armv6-m/crtend.o
 .ARM.attributes
                0x000007da       0x1d /afs/inf.ed.ac.uk/user/s13/s1367762/slip/slip2/SLIP/arm-2013.05/bin/../lib/gcc/arm-none-eabi/4.7.3/armv6-m/crtn.o
 .ARM.attributes
                0x000007f7       0x2b /afs/inf.ed.ac.uk/user/s13/s1367762/slip/slip2/SLIP/arm-2013.05/arm-none-eabi/lib/armv6-m/libcs3.a(start_c.o)
 .ARM.attributes
                0x00000822       0x2b /afs/inf.ed.ac.uk/user/s13/s1367762/slip/slip2/SLIP/arm-2013.05/arm-none-eabi/lib/armv6-m/libcs3unhosted.a(unhosted-sbrk.o)
 .ARM.attributes
                0x0000084d       0x1b /afs/inf.ed.ac.uk/user/s13/s1367762/slip/slip2/SLIP/arm-2013.05/arm-none-eabi/lib/armv6-m/libcs3unhosted.a(unhosted-start.o)
 .ARM.attributes
                0x00000868       0x2b /afs/inf.ed.ac.uk/user/s13/s1367762/slip/slip2/SLIP/arm-2013.05/arm-none-eabi/lib/armv6-m/libc.a(lib_a-errno.o)
 .ARM.attributes
                0x00000893       0x2b /afs/inf.ed.ac.uk/user/s13/s1367762/slip/slip2/SLIP/arm-2013.05/arm-none-eabi/lib/armv6-m/libc.a(lib_a-init.o)
 .ARM.attributes
                0x000008be       0x2b /afs/inf.ed.ac.uk/user/s13/s1367762/slip/slip2/SLIP/arm-2013.05/arm-none-eabi/lib/armv6-m/libcs3.a(heap.o)

/DISCARD/
 *(.note.GNU-stack)
OUTPUT(_build/gpio-test_xxaa.out elf32-littlearm)

.debug_macro    0x00000000     0x8cce
 .debug_macro   0x00000000      0x1db _build/main.o
 .debug_macro   0x000001db      0x808 _build/main.o
 .debug_macro   0x000009e3      0x214 _build/main.o
 .debug_macro   0x00000bf7       0x22 _build/main.o
 .debug_macro   0x00000c19       0x3a _build/main.o
 .debug_macro   0x00000c53       0x2e _build/main.o
 .debug_macro   0x00000c81       0x95 _build/main.o
 .debug_macro   0x00000d16       0x10 _build/main.o
 .debug_macro   0x00000d26       0x89 _build/main.o
 .debug_macro   0x00000daf       0x10 _build/main.o
 .debug_macro   0x00000dbf       0x3a _build/main.o
 .debug_macro   0x00000df9       0x52 _build/main.o
 .debug_macro   0x00000e4b       0x19 _build/main.o
 .debug_macro   0x00000e64      0x16d _build/main.o
 .debug_macro   0x00000fd1       0x10 _build/main.o
 .debug_macro   0x00000fe1       0xf5 _build/main.o
 .debug_macro   0x000010d6       0x22 _build/main.o
 .debug_macro   0x000010f8       0x91 _build/main.o
 .debug_macro   0x00001189       0x16 _build/main.o
 .debug_macro   0x0000119f      0x171 _build/main.o
 .debug_macro   0x00001310       0x8e _build/main.o
 .debug_macro   0x0000139e       0x16 _build/main.o
 .debug_macro   0x000013b4       0x16 _build/main.o
 .debug_macro   0x000013ca       0x22 _build/main.o
 .debug_macro   0x000013ec       0x2e _build/main.o
 .debug_macro   0x0000141a      0x372 _build/main.o
 .debug_macro   0x0000178c       0x10 _build/main.o
 .debug_macro   0x0000179c      0x1d2 _build/main.o
 .debug_macro   0x0000196e       0x73 _build/main.o
 .debug_macro   0x000019e1       0x1c _build/main.o
 .debug_macro   0x000019fd       0x40 _build/main.o
 .debug_macro   0x00001a3d     0x657d _build/main.o
 .debug_macro   0x00007fba      0x269 _build/app_timer.o
 .debug_macro   0x00008223       0x10 _build/app_timer.o
 .debug_macro   0x00008233       0x35 _build/app_timer.o
 .debug_macro   0x00008268       0x16 _build/app_timer.o
 .debug_macro   0x0000827e       0x23 _build/app_timer.o
 .debug_macro   0x000082a1       0x10 _build/app_timer.o
 .debug_macro   0x000082b1      0x848 _build/app_timer.o
 .debug_macro   0x00008af9       0x40 _build/app_timer.o
 .debug_macro   0x00008b39       0x42 _build/app_timer.o
 .debug_macro   0x00008b7b       0xb7 _build/simple_uart.o
 .debug_macro   0x00008c32       0x9c _build/system_nrf51.o

.comment        0x00000000       0x30
 .comment       0x00000000       0x30 _build/main.o
                                 0x31 (size before relaxing)
 .comment       0x00000000       0x31 _build/app_timer.o
 .comment       0x00000000       0x31 _build/simple_uart.o
 .comment       0x00000000       0x31 _build/system_nrf51.o

.stack          0x00000000      0x800
 .stack         0x00000000      0x800 _build/gcc_startup_nrf51.o
                0x00000000                __cs3_stack_mem

.heap           0x00000000      0x800
 .heap          0x00000000      0x800 _build/gcc_startup_nrf51.o
                0x00000000                __cs3_heap_start
                0x00000800                __cs3_heap_end
